Archive member included to satisfy reference by file (symbol)

/usr/lib/gcc/arm-none-eabi/9.2.1/../../../arm-none-eabi/lib/thumb/v7e-m+fp/hard/libc_nano.a(lib_a-atexit.o)
                              /usr/lib/gcc/arm-none-eabi/9.2.1/../../../arm-none-eabi/lib/thumb/v7e-m+fp/hard/crt0.o (atexit)
/usr/lib/gcc/arm-none-eabi/9.2.1/../../../arm-none-eabi/lib/thumb/v7e-m+fp/hard/libc_nano.a(lib_a-exit.o)
                              /usr/lib/gcc/arm-none-eabi/9.2.1/../../../arm-none-eabi/lib/thumb/v7e-m+fp/hard/crt0.o (exit)
/usr/lib/gcc/arm-none-eabi/9.2.1/../../../arm-none-eabi/lib/thumb/v7e-m+fp/hard/libc_nano.a(lib_a-fini.o)
                              /usr/lib/gcc/arm-none-eabi/9.2.1/../../../arm-none-eabi/lib/thumb/v7e-m+fp/hard/crt0.o (__libc_fini_array)
/usr/lib/gcc/arm-none-eabi/9.2.1/../../../arm-none-eabi/lib/thumb/v7e-m+fp/hard/libc_nano.a(lib_a-impure.o)
                              /usr/lib/gcc/arm-none-eabi/9.2.1/../../../arm-none-eabi/lib/thumb/v7e-m+fp/hard/libc_nano.a(lib_a-exit.o) (_global_impure_ptr)
/usr/lib/gcc/arm-none-eabi/9.2.1/../../../arm-none-eabi/lib/thumb/v7e-m+fp/hard/libc_nano.a(lib_a-init.o)
                              /usr/lib/gcc/arm-none-eabi/9.2.1/../../../arm-none-eabi/lib/thumb/v7e-m+fp/hard/crt0.o (__libc_init_array)
/usr/lib/gcc/arm-none-eabi/9.2.1/../../../arm-none-eabi/lib/thumb/v7e-m+fp/hard/libc_nano.a(lib_a-memset.o)
                              /usr/lib/gcc/arm-none-eabi/9.2.1/../../../arm-none-eabi/lib/thumb/v7e-m+fp/hard/crt0.o (memset)
/usr/lib/gcc/arm-none-eabi/9.2.1/../../../arm-none-eabi/lib/thumb/v7e-m+fp/hard/libc_nano.a(lib_a-__atexit.o)
                              /usr/lib/gcc/arm-none-eabi/9.2.1/../../../arm-none-eabi/lib/thumb/v7e-m+fp/hard/libc_nano.a(lib_a-atexit.o) (__register_exitproc)
/usr/lib/gcc/arm-none-eabi/9.2.1/../../../arm-none-eabi/lib/thumb/v7e-m+fp/hard/libc_nano.a(lib_a-__call_atexit.o)
                              /usr/lib/gcc/arm-none-eabi/9.2.1/../../../arm-none-eabi/lib/thumb/v7e-m+fp/hard/libc_nano.a(lib_a-__atexit.o) (__call_exitprocs)
/usr/lib/gcc/arm-none-eabi/9.2.1/../../../arm-none-eabi/lib/thumb/v7e-m+fp/hard/libnosys.a(_exit.o)
                              /usr/lib/gcc/arm-none-eabi/9.2.1/../../../arm-none-eabi/lib/thumb/v7e-m+fp/hard/libc_nano.a(lib_a-exit.o) (_exit)
/usr/lib/gcc/arm-none-eabi/9.2.1/thumb/v7e-m+fp/hard/libgcc.a(_aeabi_uldivmod.o)
                              build/stm32wbxx_hal_uart.o (__aeabi_uldivmod)
/usr/lib/gcc/arm-none-eabi/9.2.1/thumb/v7e-m+fp/hard/libgcc.a(_udivmoddi4.o)
                              /usr/lib/gcc/arm-none-eabi/9.2.1/thumb/v7e-m+fp/hard/libgcc.a(_aeabi_uldivmod.o) (__udivmoddi4)
/usr/lib/gcc/arm-none-eabi/9.2.1/thumb/v7e-m+fp/hard/libgcc.a(_dvmd_tls.o)
                              /usr/lib/gcc/arm-none-eabi/9.2.1/thumb/v7e-m+fp/hard/libgcc.a(_aeabi_uldivmod.o) (__aeabi_ldiv0)

Allocating common symbols
Common symbol       size              file

uwTick              0x4               build/stm32wbxx_hal.o
huart1              0x90              build/usart.o
hpcd_USB_FS         0x2f4             build/usb.o

Discarded input sections

 .text          0x0000000000000000        0x0 /usr/lib/gcc/arm-none-eabi/9.2.1/thumb/v7e-m+fp/hard/crti.o
 .data          0x0000000000000000        0x0 /usr/lib/gcc/arm-none-eabi/9.2.1/thumb/v7e-m+fp/hard/crti.o
 .bss           0x0000000000000000        0x0 /usr/lib/gcc/arm-none-eabi/9.2.1/thumb/v7e-m+fp/hard/crti.o
 .data          0x0000000000000000        0x4 /usr/lib/gcc/arm-none-eabi/9.2.1/thumb/v7e-m+fp/hard/crtbegin.o
 .text          0x0000000000000000       0x70 /usr/lib/gcc/arm-none-eabi/9.2.1/../../../arm-none-eabi/lib/thumb/v7e-m+fp/hard/crt0.o
 .data          0x0000000000000000        0x0 /usr/lib/gcc/arm-none-eabi/9.2.1/../../../arm-none-eabi/lib/thumb/v7e-m+fp/hard/crt0.o
 .bss           0x0000000000000000        0x0 /usr/lib/gcc/arm-none-eabi/9.2.1/../../../arm-none-eabi/lib/thumb/v7e-m+fp/hard/crt0.o
 .ARM.extab     0x0000000000000000        0x0 /usr/lib/gcc/arm-none-eabi/9.2.1/../../../arm-none-eabi/lib/thumb/v7e-m+fp/hard/crt0.o
 .ARM.exidx     0x0000000000000000       0x10 /usr/lib/gcc/arm-none-eabi/9.2.1/../../../arm-none-eabi/lib/thumb/v7e-m+fp/hard/crt0.o
 .debug_line    0x0000000000000000       0x87 /usr/lib/gcc/arm-none-eabi/9.2.1/../../../arm-none-eabi/lib/thumb/v7e-m+fp/hard/crt0.o
 .debug_info    0x0000000000000000       0x26 /usr/lib/gcc/arm-none-eabi/9.2.1/../../../arm-none-eabi/lib/thumb/v7e-m+fp/hard/crt0.o
 .debug_abbrev  0x0000000000000000       0x14 /usr/lib/gcc/arm-none-eabi/9.2.1/../../../arm-none-eabi/lib/thumb/v7e-m+fp/hard/crt0.o
 .debug_aranges
                0x0000000000000000       0x20 /usr/lib/gcc/arm-none-eabi/9.2.1/../../../arm-none-eabi/lib/thumb/v7e-m+fp/hard/crt0.o
 .debug_str     0x0000000000000000       0x98 /usr/lib/gcc/arm-none-eabi/9.2.1/../../../arm-none-eabi/lib/thumb/v7e-m+fp/hard/crt0.o
 .ARM.attributes
[...]
Memory Configuration

Name             Origin             Length             Attributes
FLASH            0x0000000008000000 0x0000000000080000 xr
RAM1             0x0000000020000008 0x000000000002fff8 xrw
RAM_SHARED       0x0000000020030000 0x0000000000002800 xrw
*default*        0x0000000000000000 0xffffffffffffffff

Linker script and memory map

LOAD /usr/lib/gcc/arm-none-eabi/9.2.1/thumb/v7e-m+fp/hard/crti.o
LOAD /usr/lib/gcc/arm-none-eabi/9.2.1/thumb/v7e-m+fp/hard/crtbegin.o
LOAD /usr/lib/gcc/arm-none-eabi/9.2.1/../../../arm-none-eabi/lib/thumb/v7e-m+fp/hard/crt0.o
LOAD build/main.o
LOAD build/gpio.o
LOAD build/usart.o
LOAD build/usb.o
LOAD build/stm32wbxx_it.o
LOAD build/stm32wbxx_hal_msp.o
LOAD build/stm32wbxx_hal_tim.o
LOAD build/stm32wbxx_hal_tim_ex.o
LOAD build/stm32wbxx_hal_uart.o
LOAD build/stm32wbxx_hal_uart_ex.o
LOAD build/stm32wbxx_hal_rcc.o
LOAD build/stm32wbxx_hal_rcc_ex.o
LOAD build/stm32wbxx_hal_flash.o
LOAD build/stm32wbxx_hal_flash_ex.o
LOAD build/stm32wbxx_hal_gpio.o
LOAD build/stm32wbxx_hal_hsem.o
LOAD build/stm32wbxx_hal_dma.o
LOAD build/stm32wbxx_hal_dma_ex.o
LOAD build/stm32wbxx_hal_pwr.o
LOAD build/stm32wbxx_hal_pwr_ex.o
LOAD build/stm32wbxx_hal_cortex.o
LOAD build/stm32wbxx_hal.o
LOAD build/stm32wbxx_hal_exti.o
LOAD build/stm32wbxx_hal_pcd.o
LOAD build/stm32wbxx_hal_pcd_ex.o
LOAD build/stm32wbxx_ll_usb.o
LOAD build/system_stm32wbxx.o
LOAD build/startup_stm32wb55xx_cm4.o
LOAD /usr/lib/gcc/arm-none-eabi/9.2.1/../../../arm-none-eabi/lib/thumb/v7e-m+fp/hard/libc_nano.a
LOAD /usr/lib/gcc/arm-none-eabi/9.2.1/../../../arm-none-eabi/lib/thumb/v7e-m+fp/hard/libm.a
LOAD /usr/lib/gcc/arm-none-eabi/9.2.1/../../../arm-none-eabi/lib/thumb/v7e-m+fp/hard/libnosys.a
START GROUP
LOAD /usr/lib/gcc/arm-none-eabi/9.2.1/thumb/v7e-m+fp/hard/libgcc.a
LOAD /usr/lib/gcc/arm-none-eabi/9.2.1/../../../arm-none-eabi/lib/thumb/v7e-m+fp/hard/libc_nano.a
END GROUP
START GROUP
LOAD /usr/lib/gcc/arm-none-eabi/9.2.1/thumb/v7e-m+fp/hard/libgcc.a
LOAD /usr/lib/gcc/arm-none-eabi/9.2.1/../../../arm-none-eabi/lib/thumb/v7e-m+fp/hard/libc_nano.a
END GROUP
LOAD /usr/lib/gcc/arm-none-eabi/9.2.1/thumb/v7e-m+fp/hard/crtend.o
LOAD /usr/lib/gcc/arm-none-eabi/9.2.1/thumb/v7e-m+fp/hard/crtn.o
                0x0000000020030000                _estack = 0x20030000
                0x0000000000000200                _Min_Heap_Size = 0x200
                0x0000000000000400                _Min_Stack_Size = 0x400

.isr_vector     0x0000000008000000      0x13c
                0x0000000008000000                . = ALIGN (0x4)
 *(.isr_vector)
 .isr_vector    0x0000000008000000      0x13c build/startup_stm32wb55xx_cm4.o
                0x0000000008000000                g_pfnVectors
                0x000000000800013c                . = ALIGN (0x4)

.text           0x000000000800013c     0x2444
                0x000000000800013c                . = ALIGN (0x4)
 *(.text)
 .text          0x000000000800013c       0x88 /usr/lib/gcc/arm-none-eabi/9.2.1/thumb/v7e-m+fp/hard/crtbegin.o
 .text          0x00000000080001c4       0x48 /usr/lib/gcc/arm-none-eabi/9.2.1/../../../arm-none-eabi/lib/thumb/v7e-m+fp/hard/libc_nano.a(lib_a-init.o)
                0x00000000080001c4                __libc_init_array
 .text          0x000000000800020c       0xa0 /usr/lib/gcc/arm-none-eabi/9.2.1/../../../arm-none-eabi/lib/thumb/v7e-m+fp/hard/libc_nano.a(lib_a-memset.o)
                0x000000000800020c                memset
 .text          0x00000000080002ac       0x30 /usr/lib/gcc/arm-none-eabi/9.2.1/thumb/v7e-m+fp/hard/libgcc.a(_aeabi_uldivmod.o)
                0x00000000080002ac                __aeabi_uldivmod
 .text          0x00000000080002dc      0x2c4 /usr/lib/gcc/arm-none-eabi/9.2.1/thumb/v7e-m+fp/hard/libgcc.a(_udivmoddi4.o)
                0x00000000080002dc                __udivmoddi4
 .text          0x00000000080005a0        0x4 /usr/lib/gcc/arm-none-eabi/9.2.1/thumb/v7e-m+fp/hard/libgcc.a(_dvmd_tls.o)
                0x00000000080005a0                __aeabi_ldiv0
                0x00000000080005a0                __aeabi_idiv0
 *(.text*)
 .text.Error_Handler
                0x00000000080005a4        0x4 build/main.o
                0x00000000080005a4                Error_Handler
 .text.SystemClock_Config
                0x00000000080005a8       0xbc build/main.o
                0x00000000080005a8                SystemClock_Config
 .text.PeriphCommonClock_Config
                0x0000000008000664       0x2c build/main.o
                0x0000000008000664                PeriphCommonClock_Config
 .text.main     0x0000000008000690       0x30 build/main.o
                0x0000000008000690                main
 .text.MX_GPIO_Init
                0x00000000080006c0       0xac build/gpio.o
                0x00000000080006c0                MX_GPIO_Init
 .text.MX_USART1_UART_Init
                0x000000000800076c       0x6c build/usart.o
                0x000000000800076c                MX_USART1_UART_Init
 .text.HAL_UART_MspInit
                0x00000000080007d8       0x8c build/usart.o
                0x00000000080007d8                HAL_UART_MspInit
 .text.MX_USB_PCD_Init
                0x0000000008000864       0x34 build/usb.o
                0x0000000008000864                MX_USB_PCD_Init
 .text.HAL_PCD_MspInit
                0x0000000008000898       0xa8 build/usb.o
                0x0000000008000898                HAL_PCD_MspInit
 .text.NMI_Handler
                0x0000000008000940        0x2 build/stm32wbxx_it.o
                0x0000000008000940                NMI_Handler
 .text.HardFault_Handler
                0x0000000008000942        0x2 build/stm32wbxx_it.o
                0x0000000008000942                HardFault_Handler
 .text.MemManage_Handler
                0x0000000008000944        0x2 build/stm32wbxx_it.o
                0x0000000008000944                MemManage_Handler
 .text.BusFault_Handler
                0x0000000008000946        0x2 build/stm32wbxx_it.o
                0x0000000008000946                BusFault_Handler
 .text.UsageFault_Handler
                0x0000000008000948        0x2 build/stm32wbxx_it.o
                0x0000000008000948                UsageFault_Handler
 .text.SVC_Handler
                0x000000000800094a        0x2 build/stm32wbxx_it.o
                0x000000000800094a                SVC_Handler
 .text.DebugMon_Handler
                0x000000000800094c        0x2 build/stm32wbxx_it.o
                0x000000000800094c                DebugMon_Handler
 .text.PendSV_Handler
                0x000000000800094e        0x2 build/stm32wbxx_it.o
                0x000000000800094e                PendSV_Handler
 .text.SysTick_Handler
                0x0000000008000950        0x8 build/stm32wbxx_it.o
                0x0000000008000950                SysTick_Handler
 .text.HAL_MspInit
                0x0000000008000958        0x2 build/stm32wbxx_hal_msp.o
                0x0000000008000958                HAL_MspInit
 *fill*         0x000000000800095a        0x2 
 .text.UART_SetConfig
                0x000000000800095c      0x270 build/stm32wbxx_hal_uart.o
                0x000000000800095c                UART_SetConfig
 .text.UART_AdvFeatureConfig
                0x0000000008000bcc       0xca build/stm32wbxx_hal_uart.o
                0x0000000008000bcc                UART_AdvFeatureConfig
 .text.UART_WaitOnFlagUntilTimeout
                0x0000000008000c96       0xd8 build/stm32wbxx_hal_uart.o
                0x0000000008000c96                UART_WaitOnFlagUntilTimeout
 .text.UART_CheckIdleState
                0x0000000008000d6e       0x74 build/stm32wbxx_hal_uart.o
                0x0000000008000d6e                UART_CheckIdleState
 .text.HAL_UART_Init
                0x0000000008000de2       0x66 build/stm32wbxx_hal_uart.o
                0x0000000008000de2                HAL_UART_Init
 .text.UARTEx_SetNbDataToProcess
                0x0000000008000e48       0x4c build/stm32wbxx_hal_uart_ex.o
 .text.HAL_UARTEx_DisableFifoMode
                0x0000000008000e94       0x3e build/stm32wbxx_hal_uart_ex.o
                0x0000000008000e94                HAL_UARTEx_DisableFifoMode
 .text.HAL_UARTEx_SetTxFifoThreshold
                0x0000000008000ed2       0x4a build/stm32wbxx_hal_uart_ex.o
                0x0000000008000ed2                HAL_UARTEx_SetTxFifoThreshold
 .text.HAL_UARTEx_SetRxFifoThreshold
                0x0000000008000f1c       0x4a build/stm32wbxx_hal_uart_ex.o
                0x0000000008000f1c                HAL_UARTEx_SetRxFifoThreshold
 *fill*         0x0000000008000f66        0x2 
 .text.RCC_SetFlashLatency
                0x0000000008000f68       0xbc build/stm32wbxx_hal_rcc.o
 .text.RCC_SetFlashLatencyFromMSIRange
                0x0000000008001024       0x4c build/stm32wbxx_hal_rcc.o
 .text.HAL_RCC_GetSysClockFreq
                0x0000000008001070       0xc0 build/stm32wbxx_hal_rcc.o
                0x0000000008001070                HAL_RCC_GetSysClockFreq
 .text.HAL_RCC_GetHCLKFreq
                0x0000000008001130       0x20 build/stm32wbxx_hal_rcc.o
                0x0000000008001130                HAL_RCC_GetHCLKFreq
 .text.HAL_RCC_OscConfig
                0x0000000008001150      0x72c build/stm32wbxx_hal_rcc.o
                0x0000000008001150                HAL_RCC_OscConfig
 .text.HAL_RCC_ClockConfig
                0x000000000800187c      0x264 build/stm32wbxx_hal_rcc.o
                0x000000000800187c                HAL_RCC_ClockConfig
 .text.HAL_RCC_GetPCLK1Freq
                0x0000000008001ae0       0x24 build/stm32wbxx_hal_rcc.o
                0x0000000008001ae0                HAL_RCC_GetPCLK1Freq
 .text.HAL_RCC_GetPCLK2Freq
                0x0000000008001b04       0x24 build/stm32wbxx_hal_rcc.o
                0x0000000008001b04                HAL_RCC_GetPCLK2Freq
 .text.RCCEx_PLLSAI1_ConfigNP
                0x0000000008001b28       0x8e build/stm32wbxx_hal_rcc_ex.o
 .text.RCCEx_PLLSAI1_ConfigNQ
                0x0000000008001bb6       0x8e build/stm32wbxx_hal_rcc_ex.o
 .text.RCCEx_PLLSAI1_ConfigNR
                0x0000000008001c44       0x8e build/stm32wbxx_hal_rcc_ex.o
 .text.HAL_RCCEx_PeriphCLKConfig
                0x0000000008001cd2      0x31e build/stm32wbxx_hal_rcc_ex.o
                0x0000000008001cd2                HAL_RCCEx_PeriphCLKConfig
 .text.HAL_RCCEx_EnableMSIPLLMode
                0x0000000008001ff0        0xe build/stm32wbxx_hal_rcc_ex.o
                0x0000000008001ff0                HAL_RCCEx_EnableMSIPLLMode
 *fill*         0x0000000008001ffe        0x2 
 .text.HAL_GPIO_Init
                0x0000000008002000      0x188 build/stm32wbxx_hal_gpio.o
                0x0000000008002000                HAL_GPIO_Init
 .text.HAL_GPIO_WritePin
                0x0000000008002188        0xa build/stm32wbxx_hal_gpio.o
                0x0000000008002188                HAL_GPIO_WritePin
 .text.HAL_GPIO_TogglePin
                0x0000000008002192       0x12 build/stm32wbxx_hal_gpio.o
                0x0000000008002192                HAL_GPIO_TogglePin
 .text.HAL_PWR_EnableBkUpAccess
                0x00000000080021a4       0x10 build/stm32wbxx_hal_pwr.o
                0x00000000080021a4                HAL_PWR_EnableBkUpAccess
 .text.HAL_PWREx_GetVoltageRange
                0x00000000080021b4       0x10 build/stm32wbxx_hal_pwr_ex.o
                0x00000000080021b4                HAL_PWREx_GetVoltageRange
 .text.HAL_NVIC_SetPriorityGrouping
                0x00000000080021c4       0x24 build/stm32wbxx_hal_cortex.o
                0x00000000080021c4                HAL_NVIC_SetPriorityGrouping
 .text.HAL_NVIC_SetPriority
                0x00000000080021e8       0x68 build/stm32wbxx_hal_cortex.o
                0x00000000080021e8                HAL_NVIC_SetPriority
 .text.HAL_SYSTICK_Config
                0x0000000008002250       0x2c build/stm32wbxx_hal_cortex.o
                0x0000000008002250                HAL_SYSTICK_Config
 .text.HAL_InitTick
                0x000000000800227c       0x50 build/stm32wbxx_hal.o
                0x000000000800227c                HAL_InitTick
 .text.HAL_Init
                0x00000000080022cc       0x2c build/stm32wbxx_hal.o
                0x00000000080022cc                HAL_Init
 .text.HAL_IncTick
                0x00000000080022f8       0x18 build/stm32wbxx_hal.o
                0x00000000080022f8                HAL_IncTick
 .text.HAL_GetTick
                0x0000000008002310        0xc build/stm32wbxx_hal.o
                0x0000000008002310                HAL_GetTick
 .text.HAL_GetTickPrio
                0x000000000800231c        0xc build/stm32wbxx_hal.o
                0x000000000800231c                HAL_GetTickPrio
 .text.HAL_Delay
                0x0000000008002328       0x28 build/stm32wbxx_hal.o
                0x0000000008002328                HAL_Delay
 .text.HAL_PCD_Init
                0x0000000008002350       0xda build/stm32wbxx_hal_pcd.o
                0x0000000008002350                HAL_PCD_Init
 .text.HAL_PCDEx_ActivateLPM
                0x000000000800242a       0x2c build/stm32wbxx_hal_pcd_ex.o
                0x000000000800242a                HAL_PCDEx_ActivateLPM
 .text.USB_DisableGlobalInt
                0x0000000008002456       0x14 build/stm32wbxx_ll_usb.o
                0x0000000008002456                USB_DisableGlobalInt
 .text.USB_DevInit
                0x000000000800246a       0x28 build/stm32wbxx_ll_usb.o
                0x000000000800246a                USB_DevInit
 *fill*         0x0000000008002492        0x2 
 .text.SystemInit
                0x0000000008002494       0x64 build/system_stm32wbxx.o
                0x0000000008002494                SystemInit
 .text.data_initializers
                0x00000000080024f8       0x18 build/startup_stm32wb55xx_cm4.o
 .text.Reset_Handler
                0x0000000008002510       0x54 build/startup_stm32wb55xx_cm4.o
                0x0000000008002510                Reset_Handler
 .text.Default_Handler
                0x0000000008002564        0x2 build/startup_stm32wb55xx_cm4.o
                0x0000000008002564                RTC_Alarm_IRQHandler
                0x0000000008002564                EXTI2_IRQHandler
                0x0000000008002564                TIM1_CC_IRQHandler
                0x0000000008002564                TSC_IRQHandler
                0x0000000008002564                USB_HP_IRQHandler
                0x0000000008002564                EXTI3_IRQHandler
                0x0000000008002564                LPTIM2_IRQHandler
                0x0000000008002564                I2C3_ER_IRQHandler
                0x0000000008002564                EXTI0_IRQHandler
                0x0000000008002564                FPU_IRQHandler
                0x0000000008002564                TIM1_UP_TIM16_IRQHandler
                0x0000000008002564                AES1_IRQHandler
                0x0000000008002564                SPI1_IRQHandler
                0x0000000008002564                PWR_SOTF_BLEACT_802ACT_RFPHASE_IRQHandler
                0x0000000008002564                DMA2_Channel2_IRQHandler
                0x0000000008002564                DMA1_Channel4_IRQHandler
                0x0000000008002564                ADC1_IRQHandler
                0x0000000008002564                PKA_IRQHandler
                0x0000000008002564                DMA1_Channel7_IRQHandler
                0x0000000008002564                LCD_IRQHandler
                0x0000000008002564                IPCC_C1_TX_IRQHandler
                0x0000000008002564                DMA2_Channel1_IRQHandler
                0x0000000008002564                QUADSPI_IRQHandler
                0x0000000008002564                I2C1_EV_IRQHandler
                0x0000000008002564                DMAMUX1_OVR_IRQHandler
                0x0000000008002564                DMA1_Channel6_IRQHandler
                0x0000000008002564                DMA2_Channel4_IRQHandler
                0x0000000008002564                RCC_IRQHandler
                0x0000000008002564                DMA1_Channel1_IRQHandler
                0x0000000008002564                Default_Handler
                0x0000000008002564                DMA2_Channel7_IRQHandler
                0x0000000008002564                EXTI15_10_IRQHandler
                0x0000000008002564                IPCC_C1_RX_IRQHandler
                0x0000000008002564                C2SEV_PWR_C2H_IRQHandler
                0x0000000008002564                AES2_IRQHandler
                0x0000000008002564                I2C3_EV_IRQHandler
                0x0000000008002564                EXTI9_5_IRQHandler
                0x0000000008002564                RTC_WKUP_IRQHandler
                0x0000000008002564                PVD_PVM_IRQHandler
                0x0000000008002564                SPI2_IRQHandler
                0x0000000008002564                DMA2_Channel5_IRQHandler
                0x0000000008002564                CRS_IRQHandler
                0x0000000008002564                DMA1_Channel5_IRQHandler
                0x0000000008002564                USB_LP_IRQHandler
                0x0000000008002564                EXTI4_IRQHandler
                0x0000000008002564                RNG_IRQHandler
                0x0000000008002564                TIM1_TRG_COM_TIM17_IRQHandler
                0x0000000008002564                TAMP_STAMP_LSECSS_IRQHandler
                0x0000000008002564                DMA1_Channel3_IRQHandler
                0x0000000008002564                COMP_IRQHandler
                0x0000000008002564                HSEM_IRQHandler
                0x0000000008002564                WWDG_IRQHandler
                0x0000000008002564                LPUART1_IRQHandler
                0x0000000008002564                DMA2_Channel6_IRQHandler
                0x0000000008002564                TIM2_IRQHandler
                0x0000000008002564                TIM1_BRK_IRQHandler
                0x0000000008002564                EXTI1_IRQHandler
                0x0000000008002564                DMA1_Channel2_IRQHandler
                0x0000000008002564                FLASH_IRQHandler
                0x0000000008002564                USART1_IRQHandler
                0x0000000008002564                I2C1_ER_IRQHandler
                0x0000000008002564                LPTIM1_IRQHandler
                0x0000000008002564                SAI1_IRQHandler
                0x0000000008002564                DMA2_Channel3_IRQHandler
 *(.glue_7)
 .glue_7        0x0000000008002566        0x0 linker stubs
 *(.glue_7t)
 .glue_7t       0x0000000008002566        0x0 linker stubs
 *(.eh_frame)
 *fill*         0x0000000008002566        0x2 
 .eh_frame      0x0000000008002568        0x0 /usr/lib/gcc/arm-none-eabi/9.2.1/thumb/v7e-m+fp/hard/crtbegin.o
 *(.init)
 .init          0x0000000008002568        0x4 /usr/lib/gcc/arm-none-eabi/9.2.1/thumb/v7e-m+fp/hard/crti.o
                0x0000000008002568                _init
 .init          0x000000000800256c        0x8 /usr/lib/gcc/arm-none-eabi/9.2.1/thumb/v7e-m+fp/hard/crtn.o
 *(.fini)
 .fini          0x0000000008002574        0x4 /usr/lib/gcc/arm-none-eabi/9.2.1/thumb/v7e-m+fp/hard/crti.o
                0x0000000008002574                _fini
 .fini          0x0000000008002578        0x8 /usr/lib/gcc/arm-none-eabi/9.2.1/thumb/v7e-m+fp/hard/crtn.o
                0x0000000008002580                . = ALIGN (0x4)
                0x0000000008002580                _etext = .

.vfp11_veneer   0x0000000008002580        0x0
 .vfp11_veneer  0x0000000008002580        0x0 linker stubs

.v4_bx          0x0000000008002580        0x0
 .v4_bx         0x0000000008002580        0x0 linker stubs

.iplt           0x0000000008002580        0x0
 .iplt          0x0000000008002580        0x0 /usr/lib/gcc/arm-none-eabi/9.2.1/thumb/v7e-m+fp/hard/crtbegin.o

.rodata         0x0000000008002580       0xf4
                0x0000000008002580                . = ALIGN (0x4)
 *(.rodata)
 .rodata        0x0000000008002580       0x2c build/stm32wbxx_hal_rcc.o
 *(.rodata*)
 .rodata.UARTPrescTable
                0x00000000080025ac       0x18 build/stm32wbxx_hal_uart.o
                0x00000000080025ac                UARTPrescTable
 .rodata.denominator.10975
                0x00000000080025c4        0x8 build/stm32wbxx_hal_uart_ex.o
 .rodata.numerator.10974
                0x00000000080025cc        0x8 build/stm32wbxx_hal_uart_ex.o
 .rodata.AHBPrescTable
                0x00000000080025d4       0x40 build/system_stm32wbxx.o
                0x00000000080025d4                AHBPrescTable
 .rodata.APBPrescTable
                0x0000000008002614       0x20 build/system_stm32wbxx.o
                0x0000000008002614                APBPrescTable
 .rodata.MSIRangeTable
                0x0000000008002634       0x40 build/system_stm32wbxx.o
                0x0000000008002634                MSIRangeTable
                0x0000000008002674                . = ALIGN (0x4)

.ARM.extab
 *(.ARM.extab* .gnu.linkonce.armextab.*)

.ARM            0x0000000008002674        0x8
                0x0000000008002674                __exidx_start = .
 *(.ARM.exidx*)
 .ARM.exidx     0x0000000008002674        0x8 /usr/lib/gcc/arm-none-eabi/9.2.1/thumb/v7e-m+fp/hard/libgcc.a(_udivmoddi4.o)
                0x000000000800267c                __exidx_end = .

.rel.dyn        0x000000000800267c        0x0
 .rel.iplt      0x000000000800267c        0x0 /usr/lib/gcc/arm-none-eabi/9.2.1/thumb/v7e-m+fp/hard/crtbegin.o

.preinit_array  0x000000000800267c        0x0
                0x000000000800267c                PROVIDE (__preinit_array_start = .)
 *(.preinit_array*)
                0x000000000800267c                PROVIDE (__preinit_array_end = .)

.init_array     0x000000000800267c        0x4
                0x000000000800267c                PROVIDE (__init_array_start = .)
 *(SORT_BY_NAME(.init_array.*))
 *(.init_array*)
 .init_array    0x000000000800267c        0x4 /usr/lib/gcc/arm-none-eabi/9.2.1/thumb/v7e-m+fp/hard/crtbegin.o
                0x0000000008002680                PROVIDE (__init_array_end = .)

.fini_array     0x0000000008002680        0x4
                0x0000000008002680                PROVIDE (__fini_array_start = .)
 *(SORT_BY_NAME(.fini_array.*))
 *(.fini_array*)
 .fini_array    0x0000000008002680        0x4 /usr/lib/gcc/arm-none-eabi/9.2.1/thumb/v7e-m+fp/hard/crtbegin.o
                0x0000000008002684                PROVIDE (__fini_array_end = .)
                0x0000000008002684                _sidata = LOADADDR (.data)

.data           0x0000000020000008        0xc load address 0x0000000008002684
                0x0000000020000008                . = ALIGN (0x4)
                0x0000000020000008                _sdata = .
 *(.data)
 *(.data*)
 .data.uwTickFreq
                0x0000000020000008        0x1 build/stm32wbxx_hal.o
                0x0000000020000008                uwTickFreq
 *fill*         0x0000000020000009        0x3 
 .data.uwTickPrio
                0x000000002000000c        0x4 build/stm32wbxx_hal.o
                0x000000002000000c                uwTickPrio
 .data.SystemCoreClock
                0x0000000020000010        0x4 build/system_stm32wbxx.o
                0x0000000020000010                SystemCoreClock
                0x0000000020000014                . = ALIGN (0x4)
                0x0000000020000014                _edata = .

.tm_clone_table
                0x0000000020000014        0x0 load address 0x0000000008002690
 .tm_clone_table
                0x0000000020000014        0x0 /usr/lib/gcc/arm-none-eabi/9.2.1/thumb/v7e-m+fp/hard/crtbegin.o
 .tm_clone_table
                0x0000000020000014        0x0 /usr/lib/gcc/arm-none-eabi/9.2.1/thumb/v7e-m+fp/hard/crtend.o

.igot.plt       0x0000000020000014        0x0 load address 0x0000000008002690
 .igot.plt      0x0000000020000014        0x0 /usr/lib/gcc/arm-none-eabi/9.2.1/thumb/v7e-m+fp/hard/crtbegin.o
                0x0000000020000014                . = ALIGN (0x4)

.bss            0x0000000020000014      0x3a4 load address 0x0000000008002690
                0x0000000020000014                _sbss = .
                0x0000000020000014                __bss_start__ = _sbss
 *(.bss)
 .bss           0x0000000020000014       0x1c /usr/lib/gcc/arm-none-eabi/9.2.1/thumb/v7e-m+fp/hard/crtbegin.o
 *(.bss*)
 *(COMMON)
 COMMON         0x0000000020000030       0x90 build/usart.o
                0x0000000020000030                huart1
 COMMON         0x00000000200000c0      0x2f4 build/usb.o
                0x00000000200000c0                hpcd_USB_FS
 COMMON         0x00000000200003b4        0x4 build/stm32wbxx_hal.o
                0x00000000200003b4                uwTick
                0x00000000200003b8                . = ALIGN (0x4)
                0x00000000200003b8                _ebss = .
                0x00000000200003b8                __bss_end__ = _ebss

._user_heap_stack
                0x00000000200003b8      0x600 load address 0x0000000008002690
                0x00000000200003b8                . = ALIGN (0x8)
                [!provide]                        PROVIDE (end = .)
                [!provide]                        PROVIDE (_end = .)
                0x00000000200005b8                . = (. + _Min_Heap_Size)
 *fill*         0x00000000200003b8      0x200 
                0x00000000200009b8                . = (. + _Min_Stack_Size)
 *fill*         0x00000000200005b8      0x400 
                0x00000000200009b8                . = ALIGN (0x8)

/DISCARD/
 libc.a(*)
 libm.a(*)
 libgcc.a(*)

.ARM.attributes
                0x0000000000000000       0x30
 *(.ARM.attributes)
 .ARM.attributes
                0x0000000000000000       0x1e /usr/lib/gcc/arm-none-eabi/9.2.1/thumb/v7e-m+fp/hard/crti.o
 .ARM.attributes
                0x000000000000001e       0x34 /usr/lib/gcc/arm-none-eabi/9.2.1/thumb/v7e-m+fp/hard/crtbegin.o
 .ARM.attributes
                0x0000000000000052       0x34 build/main.o
 .ARM.attributes
                0x0000000000000086       0x34 build/gpio.o
 .ARM.attributes
                0x00000000000000ba       0x34 build/usart.o
 .ARM.attributes
                0x00000000000000ee       0x34 build/usb.o
 .ARM.attributes
                0x0000000000000122       0x34 build/stm32wbxx_it.o
 .ARM.attributes
                0x0000000000000156       0x34 build/stm32wbxx_hal_msp.o
 .ARM.attributes
                0x000000000000018a       0x34 build/stm32wbxx_hal_uart.o
 .ARM.attributes
                0x00000000000001be       0x34 build/stm32wbxx_hal_uart_ex.o
 .ARM.attributes
                0x00000000000001f2       0x34 build/stm32wbxx_hal_rcc.o
 .ARM.attributes
                0x0000000000000226       0x34 build/stm32wbxx_hal_rcc_ex.o
 .ARM.attributes
                0x000000000000025a       0x34 build/stm32wbxx_hal_gpio.o
 .ARM.attributes
                0x000000000000028e       0x34 build/stm32wbxx_hal_pwr.o
 .ARM.attributes
                0x00000000000002c2       0x34 build/stm32wbxx_hal_pwr_ex.o
 .ARM.attributes
                0x00000000000002f6       0x34 build/stm32wbxx_hal_cortex.o
 .ARM.attributes
                0x000000000000032a       0x34 build/stm32wbxx_hal.o
 .ARM.attributes
                0x000000000000035e       0x34 build/stm32wbxx_hal_pcd.o
 .ARM.attributes
                0x0000000000000392       0x34 build/stm32wbxx_hal_pcd_ex.o
 .ARM.attributes
                0x00000000000003c6       0x34 build/stm32wbxx_ll_usb.o
 .ARM.attributes
                0x00000000000003fa       0x34 build/system_stm32wbxx.o
 .ARM.attributes
                0x000000000000042e       0x21 build/startup_stm32wb55xx_cm4.o
 .ARM.attributes
                0x000000000000044f       0x34 /usr/lib/gcc/arm-none-eabi/9.2.1/../../../arm-none-eabi/lib/thumb/v7e-m+fp/hard/libc_nano.a(lib_a-init.o)
 .ARM.attributes
                0x0000000000000483       0x34 /usr/lib/gcc/arm-none-eabi/9.2.1/../../../arm-none-eabi/lib/thumb/v7e-m+fp/hard/libc_nano.a(lib_a-memset.o)
 .ARM.attributes
                0x00000000000004b7       0x1e /usr/lib/gcc/arm-none-eabi/9.2.1/thumb/v7e-m+fp/hard/libgcc.a(_aeabi_uldivmod.o)
 .ARM.attributes
                0x00000000000004d5       0x34 /usr/lib/gcc/arm-none-eabi/9.2.1/thumb/v7e-m+fp/hard/libgcc.a(_udivmoddi4.o)
 .ARM.attributes
                0x0000000000000509       0x1e /usr/lib/gcc/arm-none-eabi/9.2.1/thumb/v7e-m+fp/hard/libgcc.a(_dvmd_tls.o)
 .ARM.attributes
                0x0000000000000527       0x32 /usr/lib/gcc/arm-none-eabi/9.2.1/thumb/v7e-m+fp/hard/crtend.o
 .ARM.attributes
                0x0000000000000559       0x1e /usr/lib/gcc/arm-none-eabi/9.2.1/thumb/v7e-m+fp/hard/crtn.o

MAPPING_TABLE
 *(MAPPING_TABLE)

MB_MEM1
 *(MB_MEM1)

MB_MEM2         0x0000000020030000        0x0
                0x0000000020030000                _sMB_MEM2 = .
 *(MB_MEM2)
                0x0000000020030000                _eMB_MEM2 = .
OUTPUT(build/blink.elf elf32-littlearm)
LOAD linker stubs
LOAD /usr/lib/gcc/arm-none-eabi/9.2.1/../../../arm-none-eabi/lib/thumb/v7e-m+fp/hard/libc.a
LOAD /usr/lib/gcc/arm-none-eabi/9.2.1/../../../arm-none-eabi/lib/thumb/v7e-m+fp/hard/libm.a
LOAD /usr/lib/gcc/arm-none-eabi/9.2.1/thumb/v7e-m+fp/hard/libgcc.a

.comment        0x0000000000000000       0xa7
 .comment       0x0000000000000000       0x59 /usr/lib/gcc/arm-none-eabi/9.2.1/thumb/v7e-m+fp/hard/crtbegin.o
                                         0x5a (size before relaxing)
 .comment       0x0000000000000059       0x5a build/main.o
 .comment       0x0000000000000059       0x5a build/gpio.o
 .comment       0x0000000000000059       0x5a build/usart.o
 .comment       0x0000000000000059       0x5a build/usb.o
 .comment       0x0000000000000059       0x5a build/stm32wbxx_it.o
 .comment       0x0000000000000059       0x5a build/stm32wbxx_hal_msp.o
 .comment       0x0000000000000059       0x5a build/stm32wbxx_hal_uart.o
 .comment       0x0000000000000059       0x5a build/stm32wbxx_hal_uart_ex.o
 .comment       0x0000000000000059       0x5a build/stm32wbxx_hal_rcc.o
 .comment       0x0000000000000059       0x5a build/stm32wbxx_hal_rcc_ex.o
 .comment       0x0000000000000059       0x5a build/stm32wbxx_hal_gpio.o
 .comment       0x0000000000000059       0x5a build/stm32wbxx_hal_pwr.o
 .comment       0x0000000000000059       0x5a build/stm32wbxx_hal_pwr_ex.o
 .comment       0x0000000000000059       0x5a build/stm32wbxx_hal_cortex.o
 .comment       0x0000000000000059       0x5a build/stm32wbxx_hal.o
 .comment       0x0000000000000059       0x5a build/stm32wbxx_hal_pcd.o
 .comment       0x0000000000000059       0x5a build/stm32wbxx_hal_pcd_ex.o
 .comment       0x0000000000000059       0x5a build/stm32wbxx_ll_usb.o
 .comment       0x0000000000000059       0x5a build/system_stm32wbxx.o
 .comment       0x0000000000000059       0x4e /usr/lib/gcc/arm-none-eabi/9.2.1/../../../arm-none-eabi/lib/thumb/v7e-m+fp/hard/libc_nano.a(lib_a-init.o)
                                         0x4f (size before relaxing)
 .comment       0x00000000000000a7       0x4f /usr/lib/gcc/arm-none-eabi/9.2.1/../../../arm-none-eabi/lib/thumb/v7e-m+fp/hard/libc_nano.a(lib_a-memset.o)
 .comment       0x00000000000000a7       0x5a /usr/lib/gcc/arm-none-eabi/9.2.1/thumb/v7e-m+fp/hard/libgcc.a(_udivmoddi4.o)
 .comment       0x00000000000000a7       0x5a /usr/lib/gcc/arm-none-eabi/9.2.1/thumb/v7e-m+fp/hard/crtend.o

.debug_info     0x0000000000000000    0x1ee93
 .debug_info    0x0000000000000000     0x1716 build/main.o
 .debug_info    0x0000000000001716      0x95e build/gpio.o
 .debug_info    0x0000000000002074     0x13f3 build/usart.o
 .debug_info    0x0000000000003467     0x116f build/usb.o
 .debug_info    0x00000000000045d6      0x357 build/stm32wbxx_it.o
 .debug_info    0x000000000000492d      0x289 build/stm32wbxx_hal_msp.o
 .debug_info    0x0000000000004bb6     0x66d4 build/stm32wbxx_hal_uart.o
 .debug_info    0x000000000000b28a     0x14f7 build/stm32wbxx_hal_uart_ex.o
 .debug_info    0x000000000000c781     0x2792 build/stm32wbxx_hal_rcc.o
 .debug_info    0x000000000000ef13     0x36cc build/stm32wbxx_hal_rcc_ex.o
 .debug_info    0x00000000000125df      0x987 build/stm32wbxx_hal_gpio.o
 .debug_info    0x0000000000012f66      0xcfd build/stm32wbxx_hal_pwr.o
 .debug_info    0x0000000000013c63     0x17a8 build/stm32wbxx_hal_pwr_ex.o
 .debug_info    0x000000000001540b     0x1232 build/stm32wbxx_hal_cortex.o
 .debug_info    0x000000000001663d     0x1a96 build/stm32wbxx_hal.o
 .debug_info    0x00000000000180d3     0x1dcd build/stm32wbxx_hal_pcd.o
 .debug_info    0x0000000000019ea0      0xc38 build/stm32wbxx_hal_pcd_ex.o
 .debug_info    0x000000000001aad8     0x1c38 build/stm32wbxx_ll_usb.o
 .debug_info    0x000000000001c710      0x95e build/system_stm32wbxx.o
 .debug_info    0x000000000001d06e       0x22 build/startup_stm32wb55xx_cm4.o
 .debug_info    0x000000000001d090      0x11a /usr/lib/gcc/arm-none-eabi/9.2.1/../../../arm-none-eabi/lib/thumb/v7e-m+fp/hard/libc_nano.a(lib_a-init.o)
 .debug_info    0x000000000001d1aa      0xf21 /usr/lib/gcc/arm-none-eabi/9.2.1/../../../arm-none-eabi/lib/thumb/v7e-m+fp/hard/libc_nano.a(lib_a-memset.o)
 .debug_info    0x000000000001e0cb       0x26 /usr/lib/gcc/arm-none-eabi/9.2.1/thumb/v7e-m+fp/hard/libgcc.a(_aeabi_uldivmod.o)
 .debug_info    0x000000000001e0f1      0xd7c /usr/lib/gcc/arm-none-eabi/9.2.1/thumb/v7e-m+fp/hard/libgcc.a(_udivmoddi4.o)
 .debug_info    0x000000000001ee6d       0x26 /usr/lib/gcc/arm-none-eabi/9.2.1/thumb/v7e-m+fp/hard/libgcc.a(_dvmd_tls.o)

.debug_abbrev   0x0000000000000000     0x3707
 .debug_abbrev  0x0000000000000000      0x29f build/main.o
 .debug_abbrev  0x000000000000029f      0x1e0 build/gpio.o
 .debug_abbrev  0x000000000000047f      0x265 build/usart.o
 .debug_abbrev  0x00000000000006e4      0x253 build/usb.o
 .debug_abbrev  0x0000000000000937      0x112 build/stm32wbxx_it.o
 .debug_abbrev  0x0000000000000a49       0xd7 build/stm32wbxx_hal_msp.o
 .debug_abbrev  0x0000000000000b20      0x357 build/stm32wbxx_hal_uart.o
 .debug_abbrev  0x0000000000000e77      0x32e build/stm32wbxx_hal_uart_ex.o
 .debug_abbrev  0x00000000000011a5      0x331 build/stm32wbxx_hal_rcc.o
 .debug_abbrev  0x00000000000014d6      0x45c build/stm32wbxx_hal_rcc_ex.o
 .debug_abbrev  0x0000000000001932      0x244 build/stm32wbxx_hal_gpio.o
 .debug_abbrev  0x0000000000001b76      0x228 build/stm32wbxx_hal_pwr.o
 .debug_abbrev  0x0000000000001d9e      0x3a8 build/stm32wbxx_hal_pwr_ex.o
 .debug_abbrev  0x0000000000002146      0x39f build/stm32wbxx_hal_cortex.o
 .debug_abbrev  0x00000000000024e5      0x392 build/stm32wbxx_hal.o
 .debug_abbrev  0x0000000000002877      0x2f2 build/stm32wbxx_hal_pcd.o
 .debug_abbrev  0x0000000000002b69      0x26a build/stm32wbxx_hal_pcd_ex.o
 .debug_abbrev  0x0000000000002dd3      0x31a build/stm32wbxx_ll_usb.o
 .debug_abbrev  0x00000000000030ed      0x179 build/system_stm32wbxx.o
 .debug_abbrev  0x0000000000003266       0x12 build/startup_stm32wb55xx_cm4.o
 .debug_abbrev  0x0000000000003278       0xcc /usr/lib/gcc/arm-none-eabi/9.2.1/../../../arm-none-eabi/lib/thumb/v7e-m+fp/hard/libc_nano.a(lib_a-init.o)
 .debug_abbrev  0x0000000000003344      0x1d9 /usr/lib/gcc/arm-none-eabi/9.2.1/../../../arm-none-eabi/lib/thumb/v7e-m+fp/hard/libc_nano.a(lib_a-memset.o)
 .debug_abbrev  0x000000000000351d       0x14 /usr/lib/gcc/arm-none-eabi/9.2.1/thumb/v7e-m+fp/hard/libgcc.a(_aeabi_uldivmod.o)
 .debug_abbrev  0x0000000000003531      0x1c2 /usr/lib/gcc/arm-none-eabi/9.2.1/thumb/v7e-m+fp/hard/libgcc.a(_udivmoddi4.o)
 .debug_abbrev  0x00000000000036f3       0x14 /usr/lib/gcc/arm-none-eabi/9.2.1/thumb/v7e-m+fp/hard/libgcc.a(_dvmd_tls.o)

.debug_loc      0x0000000000000000    0x10c4b
 .debug_loc     0x0000000000000000       0xc2 build/main.o
 .debug_loc     0x00000000000000c2       0x90 build/gpio.o
 .debug_loc     0x0000000000000152      0x130 build/usart.o
 .debug_loc     0x0000000000000282      0x16a build/usb.o
 .debug_loc     0x00000000000003ec       0x20 build/stm32wbxx_it.o
 .debug_loc     0x000000000000040c     0x610a build/stm32wbxx_hal_uart.o
 .debug_loc     0x0000000000006516      0xe2c build/stm32wbxx_hal_uart_ex.o
 .debug_loc     0x0000000000007342     0x1068 build/stm32wbxx_hal_rcc.o
 .debug_loc     0x00000000000083aa     0x1fee build/stm32wbxx_hal_rcc_ex.o
 .debug_loc     0x000000000000a398      0x3dc build/stm32wbxx_hal_gpio.o
 .debug_loc     0x000000000000a774      0x299 build/stm32wbxx_hal_pwr.o
 .debug_loc     0x000000000000aa0d      0xdce build/stm32wbxx_hal_pwr_ex.o
 .debug_loc     0x000000000000b7db      0x77c build/stm32wbxx_hal_cortex.o
 .debug_loc     0x000000000000bf57      0x572 build/stm32wbxx_hal.o
 .debug_loc     0x000000000000c4c9     0x181b build/stm32wbxx_hal_pcd.o
 .debug_loc     0x000000000000dce4      0x2a2 build/stm32wbxx_hal_pcd_ex.o
 .debug_loc     0x000000000000df86     0x1952 build/stm32wbxx_ll_usb.o
 .debug_loc     0x000000000000f8d8       0xe6 build/system_stm32wbxx.o
 .debug_loc     0x000000000000f9be       0xba /usr/lib/gcc/arm-none-eabi/9.2.1/../../../arm-none-eabi/lib/thumb/v7e-m+fp/hard/libc_nano.a(lib_a-init.o)
 .debug_loc     0x000000000000fa78      0x231 /usr/lib/gcc/arm-none-eabi/9.2.1/../../../arm-none-eabi/lib/thumb/v7e-m+fp/hard/libc_nano.a(lib_a-memset.o)
 .debug_loc     0x000000000000fca9      0xfa2 /usr/lib/gcc/arm-none-eabi/9.2.1/thumb/v7e-m+fp/hard/libgcc.a(_udivmoddi4.o)

.debug_aranges  0x0000000000000000      0xdc8
 .debug_aranges
                0x0000000000000000       0x38 build/main.o
 .debug_aranges
                0x0000000000000038       0x20 build/gpio.o
 .debug_aranges
                0x0000000000000058       0x30 build/usart.o
 .debug_aranges
                0x0000000000000088       0x30 build/usb.o
 .debug_aranges
                0x00000000000000b8       0x60 build/stm32wbxx_it.o
 .debug_aranges
                0x0000000000000118       0x20 build/stm32wbxx_hal_msp.o
 .debug_aranges
                0x0000000000000138      0x248 build/stm32wbxx_hal_uart.o
 .debug_aranges
                0x0000000000000380       0xa0 build/stm32wbxx_hal_uart_ex.o
 .debug_aranges
                0x0000000000000420       0xa8 build/stm32wbxx_hal_rcc.o
 .debug_aranges
                0x00000000000004c8      0x130 build/stm32wbxx_hal_rcc_ex.o
 .debug_aranges
                0x00000000000005f8       0x58 build/stm32wbxx_hal_gpio.o
 .debug_aranges
                0x0000000000000650       0x98 build/stm32wbxx_hal_pwr.o
 .debug_aranges
                0x00000000000006e8      0x1b8 build/stm32wbxx_hal_pwr_ex.o
 .debug_aranges
                0x00000000000008a0       0xa0 build/stm32wbxx_hal_cortex.o
 .debug_aranges
                0x0000000000000940      0x158 build/stm32wbxx_hal.o
 .debug_aranges
                0x0000000000000a98      0x130 build/stm32wbxx_hal_pcd.o
 .debug_aranges
                0x0000000000000bc8       0x58 build/stm32wbxx_hal_pcd_ex.o
 .debug_aranges
                0x0000000000000c20       0xb0 build/stm32wbxx_ll_usb.o
 .debug_aranges
                0x0000000000000cd0       0x28 build/system_stm32wbxx.o
 .debug_aranges
                0x0000000000000cf8       0x30 build/startup_stm32wb55xx_cm4.o
 .debug_aranges
                0x0000000000000d28       0x20 /usr/lib/gcc/arm-none-eabi/9.2.1/../../../arm-none-eabi/lib/thumb/v7e-m+fp/hard/libc_nano.a(lib_a-init.o)
 .debug_aranges
                0x0000000000000d48       0x20 /usr/lib/gcc/arm-none-eabi/9.2.1/../../../arm-none-eabi/lib/thumb/v7e-m+fp/hard/libc_nano.a(lib_a-memset.o)
 .debug_aranges
                0x0000000000000d68       0x20 /usr/lib/gcc/arm-none-eabi/9.2.1/thumb/v7e-m+fp/hard/libgcc.a(_aeabi_uldivmod.o)
 .debug_aranges
                0x0000000000000d88       0x20 /usr/lib/gcc/arm-none-eabi/9.2.1/thumb/v7e-m+fp/hard/libgcc.a(_udivmoddi4.o)
 .debug_aranges
                0x0000000000000da8       0x20 /usr/lib/gcc/arm-none-eabi/9.2.1/thumb/v7e-m+fp/hard/libgcc.a(_dvmd_tls.o)

.debug_ranges   0x0000000000000000     0x1490
 .debug_ranges  0x0000000000000000       0x28 build/main.o
 .debug_ranges  0x0000000000000028       0x10 build/gpio.o
 .debug_ranges  0x0000000000000038       0x20 build/usart.o
 .debug_ranges  0x0000000000000058       0x20 build/usb.o
 .debug_ranges  0x0000000000000078       0x50 build/stm32wbxx_it.o
 .debug_ranges  0x00000000000000c8       0x10 build/stm32wbxx_hal_msp.o
 .debug_ranges  0x00000000000000d8      0x238 build/stm32wbxx_hal_uart.o
 .debug_ranges  0x0000000000000310       0x90 build/stm32wbxx_hal_uart_ex.o
 .debug_ranges  0x00000000000003a0      0x1b0 build/stm32wbxx_hal_rcc.o
 .debug_ranges  0x0000000000000550      0x420 build/stm32wbxx_hal_rcc_ex.o
 .debug_ranges  0x0000000000000970       0x48 build/stm32wbxx_hal_gpio.o
 .debug_ranges  0x00000000000009b8       0x88 build/stm32wbxx_hal_pwr.o
 .debug_ranges  0x0000000000000a40      0x1d8 build/stm32wbxx_hal_pwr_ex.o
 .debug_ranges  0x0000000000000c18       0xf0 build/stm32wbxx_hal_cortex.o
 .debug_ranges  0x0000000000000d08      0x160 build/stm32wbxx_hal.o
 .debug_ranges  0x0000000000000e68      0x200 build/stm32wbxx_hal_pcd.o
 .debug_ranges  0x0000000000001068       0x48 build/stm32wbxx_hal_pcd_ex.o
 .debug_ranges  0x00000000000010b0      0x2d8 build/stm32wbxx_ll_usb.o
 .debug_ranges  0x0000000000001388       0x18 build/system_stm32wbxx.o
 .debug_ranges  0x00000000000013a0       0x28 build/startup_stm32wb55xx_cm4.o
 .debug_ranges  0x00000000000013c8       0xc8 /usr/lib/gcc/arm-none-eabi/9.2.1/thumb/v7e-m+fp/hard/libgcc.a(_udivmoddi4.o)

.debug_line     0x0000000000000000    0x12b0f
 .debug_line    0x0000000000000000      0x3a8 build/main.o
 .debug_line    0x00000000000003a8      0x27b build/gpio.o
 .debug_line    0x0000000000000623      0x3b6 build/usart.o
 .debug_line    0x00000000000009d9      0x3a6 build/usb.o
 .debug_line    0x0000000000000d7f      0x258 build/stm32wbxx_it.o
 .debug_line    0x0000000000000fd7      0x166 build/stm32wbxx_hal_msp.o
 .debug_line    0x000000000000113d     0x6220 build/stm32wbxx_hal_uart.o
 .debug_line    0x000000000000735d      0xca9 build/stm32wbxx_hal_uart_ex.o
 .debug_line    0x0000000000008006     0x1a61 build/stm32wbxx_hal_rcc.o
 .debug_line    0x0000000000009a67     0x2591 build/stm32wbxx_hal_rcc_ex.o
 .debug_line    0x000000000000bff8      0x66d build/stm32wbxx_hal_gpio.o
 .debug_line    0x000000000000c665      0x484 build/stm32wbxx_hal_pwr.o
 .debug_line    0x000000000000cae9      0xd57 build/stm32wbxx_hal_pwr_ex.o
 .debug_line    0x000000000000d840      0x711 build/stm32wbxx_hal_cortex.o
 .debug_line    0x000000000000df51      0x9a6 build/stm32wbxx_hal.o
 .debug_line    0x000000000000e8f7     0x187e build/stm32wbxx_hal_pcd.o
 .debug_line    0x0000000000010175      0x403 build/stm32wbxx_hal_pcd_ex.o
 .debug_line    0x0000000000010578     0x1813 build/stm32wbxx_ll_usb.o
 .debug_line    0x0000000000011d8b      0x2af build/system_stm32wbxx.o
 .debug_line    0x000000000001203a       0x83 build/startup_stm32wb55xx_cm4.o
 .debug_line    0x00000000000120bd      0x10d /usr/lib/gcc/arm-none-eabi/9.2.1/../../../arm-none-eabi/lib/thumb/v7e-m+fp/hard/libc_nano.a(lib_a-init.o)
 .debug_line    0x00000000000121ca      0x26b /usr/lib/gcc/arm-none-eabi/9.2.1/../../../arm-none-eabi/lib/thumb/v7e-m+fp/hard/libc_nano.a(lib_a-memset.o)
 .debug_line    0x0000000000012435       0x60 /usr/lib/gcc/arm-none-eabi/9.2.1/thumb/v7e-m+fp/hard/libgcc.a(_aeabi_uldivmod.o)
 .debug_line    0x0000000000012495      0x61a /usr/lib/gcc/arm-none-eabi/9.2.1/thumb/v7e-m+fp/hard/libgcc.a(_udivmoddi4.o)
 .debug_line    0x0000000000012aaf       0x60 /usr/lib/gcc/arm-none-eabi/9.2.1/thumb/v7e-m+fp/hard/libgcc.a(_dvmd_tls.o)

.debug_str      0x0000000000000000     0x7236
 .debug_str     0x0000000000000000      0xe1f build/main.o
                                        0xf3d (size before relaxing)
 .debug_str     0x0000000000000e1f       0xa3 build/gpio.o
                                        0x602 (size before relaxing)
 .debug_str     0x0000000000000ec2       0xe8 build/usart.o
                                        0xda8 (size before relaxing)
 .debug_str     0x0000000000000faa      0x370 build/usb.o
                                        0xb64 (size before relaxing)
 .debug_str     0x000000000000131a       0xb4 build/stm32wbxx_it.o
                                        0x3aa (size before relaxing)
 .debug_str     0x00000000000013ce       0x29 build/stm32wbxx_hal_msp.o
                                        0x31f (size before relaxing)
 .debug_str     0x00000000000013f7      0x953 build/stm32wbxx_hal_uart.o
                                       0x1400 (size before relaxing)
 .debug_str     0x0000000000001d4a      0x22c build/stm32wbxx_hal_uart_ex.o
                                        0xc28 (size before relaxing)
 .debug_str     0x0000000000001f76      0x8a5 build/stm32wbxx_hal_rcc.o
                                       0x1110 (size before relaxing)
 .debug_str     0x000000000000281b      0xb9b build/stm32wbxx_hal_rcc_ex.o
                                       0x16bf (size before relaxing)
 .debug_str     0x00000000000033b6      0x102 build/stm32wbxx_hal_gpio.o
                                        0x5ad (size before relaxing)
 .debug_str     0x00000000000034b8      0x321 build/stm32wbxx_hal_pwr.o
                                        0x7ec (size before relaxing)
 .debug_str     0x00000000000037d9      0x867 build/stm32wbxx_hal_pwr_ex.o
                                        0xe95 (size before relaxing)
 .debug_str     0x0000000000004040      0x887 build/stm32wbxx_hal_cortex.o
                                        0xc72 (size before relaxing)
 .debug_str     0x00000000000048c7      0x77f build/stm32wbxx_hal.o
                                       0x1321 (size before relaxing)
 .debug_str     0x0000000000005046      0x4fb build/stm32wbxx_hal_pcd.o
                                        0xbc4 (size before relaxing)
 .debug_str     0x0000000000005541      0x191 build/stm32wbxx_hal_pcd_ex.o
                                        0x8a1 (size before relaxing)
 .debug_str     0x00000000000056d2       0xc9 build/stm32wbxx_ll_usb.o
                                        0x7a9 (size before relaxing)
 .debug_str     0x000000000000579b       0x57 build/system_stm32wbxx.o
                                        0x5d1 (size before relaxing)
 .debug_str     0x00000000000057f2       0x26 build/startup_stm32wb55xx_cm4.o
                                         0x41 (size before relaxing)
 .debug_str     0x0000000000005818      0x18e /usr/lib/gcc/arm-none-eabi/9.2.1/../../../arm-none-eabi/lib/thumb/v7e-m+fp/hard/libc_nano.a(lib_a-init.o)
                                        0x229 (size before relaxing)
 .debug_str     0x00000000000059a6      0x6e8 /usr/lib/gcc/arm-none-eabi/9.2.1/../../../arm-none-eabi/lib/thumb/v7e-m+fp/hard/libc_nano.a(lib_a-memset.o)
                                        0x90f (size before relaxing)
 .debug_str     0x000000000000608e       0x97 /usr/lib/gcc/arm-none-eabi/9.2.1/thumb/v7e-m+fp/hard/libgcc.a(_aeabi_uldivmod.o)
                                         0xa3 (size before relaxing)
 .debug_str     0x0000000000006125     0x10e1 /usr/lib/gcc/arm-none-eabi/9.2.1/thumb/v7e-m+fp/hard/libgcc.a(_udivmoddi4.o)
                                       0x11e6 (size before relaxing)
 .debug_str     0x0000000000007206       0x30 /usr/lib/gcc/arm-none-eabi/9.2.1/thumb/v7e-m+fp/hard/libgcc.a(_dvmd_tls.o)
                                         0xa7 (size before relaxing)

.debug_frame    0x0000000000000000     0x1f20
 .debug_frame   0x0000000000000000       0x7c build/main.o
 .debug_frame   0x000000000000007c       0x30 build/gpio.o
 .debug_frame   0x00000000000000ac       0x60 build/usart.o
 .debug_frame   0x000000000000010c       0x60 build/usb.o
 .debug_frame   0x000000000000016c       0xa8 build/stm32wbxx_it.o
 .debug_frame   0x0000000000000214       0x20 build/stm32wbxx_hal_msp.o
 .debug_frame   0x0000000000000234      0x680 build/stm32wbxx_hal_uart.o
 .debug_frame   0x00000000000008b4      0x1c8 build/stm32wbxx_hal_uart_ex.o
 .debug_frame   0x0000000000000a7c      0x1e0 build/stm32wbxx_hal_rcc.o
 .debug_frame   0x0000000000000c5c      0x2dc build/stm32wbxx_hal_rcc_ex.o
 .debug_frame   0x0000000000000f38       0xd0 build/stm32wbxx_hal_gpio.o
 .debug_frame   0x0000000000001008      0x120 build/stm32wbxx_hal_pwr.o
 .debug_frame   0x0000000000001128      0x378 build/stm32wbxx_hal_pwr_ex.o
 .debug_frame   0x00000000000014a0      0x14c build/stm32wbxx_hal_cortex.o
 .debug_frame   0x00000000000015ec      0x2cc build/stm32wbxx_hal.o
 .debug_frame   0x00000000000018b8      0x33c build/stm32wbxx_hal_pcd.o
 .debug_frame   0x0000000000001bf4       0x9c build/stm32wbxx_hal_pcd_ex.o
 .debug_frame   0x0000000000001c90      0x19c build/stm32wbxx_ll_usb.o
 .debug_frame   0x0000000000001e2c       0x30 build/system_stm32wbxx.o
 .debug_frame   0x0000000000001e5c       0x2c /usr/lib/gcc/arm-none-eabi/9.2.1/../../../arm-none-eabi/lib/thumb/v7e-m+fp/hard/libc_nano.a(lib_a-init.o)
 .debug_frame   0x0000000000001e88       0x38 /usr/lib/gcc/arm-none-eabi/9.2.1/../../../arm-none-eabi/lib/thumb/v7e-m+fp/hard/libc_nano.a(lib_a-memset.o)
 .debug_frame   0x0000000000001ec0       0x2c /usr/lib/gcc/arm-none-eabi/9.2.1/thumb/v7e-m+fp/hard/libgcc.a(_aeabi_uldivmod.o)
 .debug_frame   0x0000000000001eec       0x34 /usr/lib/gcc/arm-none-eabi/9.2.1/thumb/v7e-m+fp/hard/libgcc.a(_udivmoddi4.o)

Cross Reference Table

Symbol                                            File
ADC1_IRQHandler                                   build/startup_stm32wb55xx_cm4.o
AES1_IRQHandler                                   build/startup_stm32wb55xx_cm4.o
AES2_IRQHandler                                   build/startup_stm32wb55xx_cm4.o
AHBPrescTable                                     build/system_stm32wbxx.o
                                                  build/stm32wbxx_hal_rcc_ex.o
                                                  build/stm32wbxx_hal_rcc.o
APBPrescTable                                     build/system_stm32wbxx.o
                                                  build/stm32wbxx_hal_rcc_ex.o
                                                  build/stm32wbxx_hal_rcc.o
BusFault_Handler                                  build/stm32wbxx_it.o
C2SEV_PWR_C2H_IRQHandler                          build/startup_stm32wb55xx_cm4.o
COMP_IRQHandler                                   build/startup_stm32wb55xx_cm4.o
CRS_IRQHandler                                    build/startup_stm32wb55xx_cm4.o
DMA1_Channel1_IRQHandler                          build/startup_stm32wb55xx_cm4.o
DMA1_Channel2_IRQHandler                          build/startup_stm32wb55xx_cm4.o
DMA1_Channel3_IRQHandler                          build/startup_stm32wb55xx_cm4.o
DMA1_Channel4_IRQHandler                          build/startup_stm32wb55xx_cm4.o
DMA1_Channel5_IRQHandler                          build/startup_stm32wb55xx_cm4.o
DMA1_Channel6_IRQHandler                          build/startup_stm32wb55xx_cm4.o
DMA1_Channel7_IRQHandler                          build/startup_stm32wb55xx_cm4.o
DMA2_Channel1_IRQHandler                          build/startup_stm32wb55xx_cm4.o
DMA2_Channel2_IRQHandler                          build/startup_stm32wb55xx_cm4.o
DMA2_Channel3_IRQHandler                          build/startup_stm32wb55xx_cm4.o
DMA2_Channel4_IRQHandler                          build/startup_stm32wb55xx_cm4.o
DMA2_Channel5_IRQHandler                          build/startup_stm32wb55xx_cm4.o
DMA2_Channel6_IRQHandler                          build/startup_stm32wb55xx_cm4.o
DMA2_Channel7_IRQHandler                          build/startup_stm32wb55xx_cm4.o
DMAMUX1_OVR_IRQHandler                            build/startup_stm32wb55xx_cm4.o
DebugMon_Handler                                  build/stm32wbxx_it.o
Default_Handler                                   build/startup_stm32wb55xx_cm4.o
EXTI0_IRQHandler                                  build/startup_stm32wb55xx_cm4.o
EXTI15_10_IRQHandler                              build/startup_stm32wb55xx_cm4.o
EXTI1_IRQHandler                                  build/startup_stm32wb55xx_cm4.o
EXTI2_IRQHandler                                  build/startup_stm32wb55xx_cm4.o
EXTI3_IRQHandler                                  build/startup_stm32wb55xx_cm4.o
EXTI4_IRQHandler                                  build/startup_stm32wb55xx_cm4.o
EXTI9_5_IRQHandler                                build/startup_stm32wb55xx_cm4.o
Error_Handler                                     build/main.o
                                                  build/usb.o
                                                  build/usart.o
FLASH_IRQHandler                                  build/startup_stm32wb55xx_cm4.o
FLASH_PageErase                                   build/stm32wbxx_hal_flash_ex.o
                                                  build/stm32wbxx_hal_flash.o
FLASH_WaitForLastOperation                        build/stm32wbxx_hal_flash.o
                                                  build/stm32wbxx_hal_flash_ex.o
FPU_IRQHandler                                    build/startup_stm32wb55xx_cm4.o
HAL_DBGMCU_DisableDBGSleepMode                    build/stm32wbxx_hal.o
HAL_DBGMCU_DisableDBGStandbyMode                  build/stm32wbxx_hal.o
HAL_DBGMCU_DisableDBGStopMode                     build/stm32wbxx_hal.o
HAL_DBGMCU_EnableDBGSleepMode                     build/stm32wbxx_hal.o
HAL_DBGMCU_EnableDBGStandbyMode                   build/stm32wbxx_hal.o
HAL_DBGMCU_EnableDBGStopMode                      build/stm32wbxx_hal.o
HAL_DMAEx_ConfigMuxRequestGenerator               build/stm32wbxx_hal_dma_ex.o
HAL_DMAEx_ConfigMuxSync                           build/stm32wbxx_hal_dma_ex.o
HAL_DMAEx_DisableMuxRequestGenerator              build/stm32wbxx_hal_dma_ex.o
HAL_DMAEx_EnableMuxRequestGenerator               build/stm32wbxx_hal_dma_ex.o
HAL_DMAEx_MUX_IRQHandler                          build/stm32wbxx_hal_dma_ex.o
HAL_DMA_Abort                                     build/stm32wbxx_hal_dma.o
                                                  build/stm32wbxx_hal_uart.o
HAL_DMA_Abort_IT                                  build/stm32wbxx_hal_dma.o
                                                  build/stm32wbxx_hal_uart.o
HAL_DMA_DeInit                                    build/stm32wbxx_hal_dma.o
HAL_DMA_GetError                                  build/stm32wbxx_hal_dma.o
                                                  build/stm32wbxx_hal_uart.o
HAL_DMA_GetState                                  build/stm32wbxx_hal_dma.o
HAL_DMA_IRQHandler                                build/stm32wbxx_hal_dma.o
HAL_DMA_Init                                      build/stm32wbxx_hal_dma.o
HAL_DMA_PollForTransfer                           build/stm32wbxx_hal_dma.o
HAL_DMA_RegisterCallback                          build/stm32wbxx_hal_dma.o
HAL_DMA_Start                                     build/stm32wbxx_hal_dma.o
HAL_DMA_Start_IT                                  build/stm32wbxx_hal_dma.o
                                                  build/stm32wbxx_hal_uart.o
HAL_DMA_UnRegisterCallback                        build/stm32wbxx_hal_dma.o
HAL_DeInit                                        build/stm32wbxx_hal.o
HAL_Delay                                         build/stm32wbxx_hal.o
                                                  build/stm32wbxx_hal_pcd_ex.o
                                                  build/main.o
HAL_EXTI_ClearConfigLine                          build/stm32wbxx_hal_exti.o
HAL_EXTI_ClearPending                             build/stm32wbxx_hal_exti.o
HAL_EXTI_GenerateSWI                              build/stm32wbxx_hal_exti.o
HAL_EXTI_GetConfigLine                            build/stm32wbxx_hal_exti.o
HAL_EXTI_GetHandle                                build/stm32wbxx_hal_exti.o
HAL_EXTI_GetPending                               build/stm32wbxx_hal_exti.o
HAL_EXTI_IRQHandler                               build/stm32wbxx_hal_exti.o
HAL_EXTI_RegisterCallback                         build/stm32wbxx_hal_exti.o
HAL_EXTI_SetConfigLine                            build/stm32wbxx_hal_exti.o
HAL_FLASHEx_AllowOperation                        build/stm32wbxx_hal_flash_ex.o
HAL_FLASHEx_Erase                                 build/stm32wbxx_hal_flash_ex.o
HAL_FLASHEx_Erase_IT                              build/stm32wbxx_hal_flash_ex.o
HAL_FLASHEx_FlashEmptyCheck                       build/stm32wbxx_hal_flash_ex.o
HAL_FLASHEx_ForceFlashEmpty                       build/stm32wbxx_hal_flash_ex.o
HAL_FLASHEx_IsOperationSuspended                  build/stm32wbxx_hal_flash_ex.o
HAL_FLASHEx_OBGetConfig                           build/stm32wbxx_hal_flash_ex.o
HAL_FLASHEx_OBProgram                             build/stm32wbxx_hal_flash_ex.o
HAL_FLASHEx_SuspendOperation                      build/stm32wbxx_hal_flash_ex.o
HAL_FLASH_EndOfOperationCallback                  build/stm32wbxx_hal_flash.o
HAL_FLASH_GetError                                build/stm32wbxx_hal_flash.o
HAL_FLASH_IRQHandler                              build/stm32wbxx_hal_flash.o
HAL_FLASH_Lock                                    build/stm32wbxx_hal_flash.o
HAL_FLASH_OB_Launch                               build/stm32wbxx_hal_flash.o
HAL_FLASH_OB_Lock                                 build/stm32wbxx_hal_flash.o
HAL_FLASH_OB_Unlock                               build/stm32wbxx_hal_flash.o
HAL_FLASH_OperationErrorCallback                  build/stm32wbxx_hal_flash.o
HAL_FLASH_Program                                 build/stm32wbxx_hal_flash.o
HAL_FLASH_Program_IT                              build/stm32wbxx_hal_flash.o
HAL_FLASH_Unlock                                  build/stm32wbxx_hal_flash.o
HAL_GPIO_DeInit                                   build/stm32wbxx_hal_gpio.o
                                                  build/usb.o
                                                  build/usart.o
HAL_GPIO_EXTI_Callback                            build/stm32wbxx_hal_gpio.o
HAL_GPIO_EXTI_IRQHandler                          build/stm32wbxx_hal_gpio.o
HAL_GPIO_Init                                     build/stm32wbxx_hal_gpio.o
                                                  build/stm32wbxx_hal_rcc_ex.o
                                                  build/stm32wbxx_hal_rcc.o
                                                  build/usb.o
                                                  build/usart.o
                                                  build/gpio.o
HAL_GPIO_LockPin                                  build/stm32wbxx_hal_gpio.o
HAL_GPIO_ReadPin                                  build/stm32wbxx_hal_gpio.o
HAL_GPIO_TogglePin                                build/stm32wbxx_hal_gpio.o
                                                  build/main.o
HAL_GPIO_WritePin                                 build/stm32wbxx_hal_gpio.o
                                                  build/gpio.o
HAL_GetDEVID                                      build/stm32wbxx_hal.o
HAL_GetHalVersion                                 build/stm32wbxx_hal.o
HAL_GetREVID                                      build/stm32wbxx_hal.o
HAL_GetTick                                       build/stm32wbxx_hal.o
                                                  build/stm32wbxx_hal_pcd_ex.o
                                                  build/stm32wbxx_hal_dma.o
                                                  build/stm32wbxx_hal_flash.o
                                                  build/stm32wbxx_hal_rcc_ex.o
                                                  build/stm32wbxx_hal_rcc.o
                                                  build/stm32wbxx_hal_uart_ex.o
                                                  build/stm32wbxx_hal_uart.o
HAL_GetTickFreq                                   build/stm32wbxx_hal.o
HAL_GetTickPrio                                   build/stm32wbxx_hal.o
                                                  build/stm32wbxx_hal_rcc.o
HAL_GetUIDw0                                      build/stm32wbxx_hal.o
HAL_GetUIDw1                                      build/stm32wbxx_hal.o
HAL_GetUIDw2                                      build/stm32wbxx_hal.o
HAL_HalfDuplex_EnableReceiver                     build/stm32wbxx_hal_uart.o
HAL_HalfDuplex_EnableTransmitter                  build/stm32wbxx_hal_uart.o
HAL_HalfDuplex_Init                               build/stm32wbxx_hal_uart.o
HAL_IncTick                                       build/stm32wbxx_hal.o
                                                  build/stm32wbxx_it.o
HAL_Init                                          build/stm32wbxx_hal.o
                                                  build/main.o
HAL_InitTick                                      build/stm32wbxx_hal.o
                                                  build/stm32wbxx_hal_rcc.o
HAL_LIN_Init                                      build/stm32wbxx_hal_uart.o
HAL_LIN_SendBreak                                 build/stm32wbxx_hal_uart.o
HAL_MPU_ConfigRegion                              build/stm32wbxx_hal_cortex.o
HAL_MPU_Disable                                   build/stm32wbxx_hal_cortex.o
HAL_MPU_Enable                                    build/stm32wbxx_hal_cortex.o
HAL_MspDeInit                                     build/stm32wbxx_hal.o
HAL_MspInit                                       build/stm32wbxx_hal_msp.o
HAL_MultiProcessorEx_AddressLength_Set            build/stm32wbxx_hal_uart_ex.o
HAL_MultiProcessor_DisableMuteMode                build/stm32wbxx_hal_uart.o
HAL_MultiProcessor_EnableMuteMode                 build/stm32wbxx_hal_uart.o
HAL_MultiProcessor_EnterMuteMode                  build/stm32wbxx_hal_uart.o
HAL_MultiProcessor_Init                           build/stm32wbxx_hal_uart.o
HAL_NVIC_ClearPendingIRQ                          build/stm32wbxx_hal_cortex.o
HAL_NVIC_DisableIRQ                               build/stm32wbxx_hal_cortex.o
HAL_NVIC_EnableIRQ                                build/stm32wbxx_hal_cortex.o
HAL_NVIC_GetPendingIRQ                            build/stm32wbxx_hal_cortex.o
HAL_NVIC_GetPriority                              build/stm32wbxx_hal_cortex.o
HAL_NVIC_GetPriorityGrouping                      build/stm32wbxx_hal_cortex.o
HAL_NVIC_SetPendingIRQ                            build/stm32wbxx_hal_cortex.o
HAL_NVIC_SetPriority                              build/stm32wbxx_hal_cortex.o
                                                  build/stm32wbxx_hal.o
HAL_NVIC_SetPriorityGrouping                      build/stm32wbxx_hal_cortex.o
                                                  build/stm32wbxx_hal.o
HAL_NVIC_SystemReset                              build/stm32wbxx_hal_cortex.o
HAL_PCDEx_ActivateBCD                             build/stm32wbxx_hal_pcd_ex.o
HAL_PCDEx_ActivateLPM                             build/stm32wbxx_hal_pcd_ex.o
                                                  build/stm32wbxx_hal_pcd.o
HAL_PCDEx_BCD_Callback                            build/stm32wbxx_hal_pcd_ex.o
HAL_PCDEx_BCD_VBUSDetect                          build/stm32wbxx_hal_pcd_ex.o
HAL_PCDEx_DeActivateBCD                           build/stm32wbxx_hal_pcd_ex.o
HAL_PCDEx_DeActivateLPM                           build/stm32wbxx_hal_pcd_ex.o
HAL_PCDEx_LPM_Callback                            build/stm32wbxx_hal_pcd_ex.o
                                                  build/stm32wbxx_hal_pcd.o
HAL_PCDEx_PMAConfig                               build/stm32wbxx_hal_pcd_ex.o
HAL_PCD_ActivateRemoteWakeup                      build/stm32wbxx_hal_pcd.o
HAL_PCD_ConnectCallback                           build/stm32wbxx_hal_pcd.o
HAL_PCD_DataInStageCallback                       build/stm32wbxx_hal_pcd.o
HAL_PCD_DataOutStageCallback                      build/stm32wbxx_hal_pcd.o
HAL_PCD_DeActivateRemoteWakeup                    build/stm32wbxx_hal_pcd.o
HAL_PCD_DeInit                                    build/stm32wbxx_hal_pcd.o
HAL_PCD_DevConnect                                build/stm32wbxx_hal_pcd.o
HAL_PCD_DevDisconnect                             build/stm32wbxx_hal_pcd.o
HAL_PCD_DisconnectCallback                        build/stm32wbxx_hal_pcd.o
HAL_PCD_EP_Close                                  build/stm32wbxx_hal_pcd.o
HAL_PCD_EP_ClrStall                               build/stm32wbxx_hal_pcd.o
HAL_PCD_EP_Flush                                  build/stm32wbxx_hal_pcd.o
HAL_PCD_EP_GetRxCount                             build/stm32wbxx_hal_pcd.o
HAL_PCD_EP_Open                                   build/stm32wbxx_hal_pcd.o
HAL_PCD_EP_Receive                                build/stm32wbxx_hal_pcd.o
HAL_PCD_EP_SetStall                               build/stm32wbxx_hal_pcd.o
HAL_PCD_EP_Transmit                               build/stm32wbxx_hal_pcd.o
HAL_PCD_GetState                                  build/stm32wbxx_hal_pcd.o
HAL_PCD_IRQHandler                                build/stm32wbxx_hal_pcd.o
HAL_PCD_ISOINIncompleteCallback                   build/stm32wbxx_hal_pcd.o
HAL_PCD_ISOOUTIncompleteCallback                  build/stm32wbxx_hal_pcd.o
HAL_PCD_Init                                      build/stm32wbxx_hal_pcd.o
                                                  build/usb.o
HAL_PCD_MspDeInit                                 build/usb.o
HAL_PCD_MspInit                                   build/usb.o
HAL_PCD_ResetCallback                             build/stm32wbxx_hal_pcd.o
HAL_PCD_ResumeCallback                            build/stm32wbxx_hal_pcd.o
HAL_PCD_SOFCallback                               build/stm32wbxx_hal_pcd.o
HAL_PCD_SetAddress                                build/stm32wbxx_hal_pcd.o
HAL_PCD_SetupStageCallback                        build/stm32wbxx_hal_pcd.o
HAL_PCD_Start                                     build/stm32wbxx_hal_pcd.o
HAL_PCD_Stop                                      build/stm32wbxx_hal_pcd.o
HAL_PCD_SuspendCallback                           build/stm32wbxx_hal_pcd.o
HAL_PWREx_ClearWakeupFlag                         build/stm32wbxx_hal_pwr_ex.o
HAL_PWREx_ConfigPVM                               build/stm32wbxx_hal_pwr_ex.o
HAL_PWREx_ConfigSMPS                              build/stm32wbxx_hal_pwr_ex.o
HAL_PWREx_ControlVoltageScaling                   build/stm32wbxx_hal_pwr_ex.o
HAL_PWREx_Disable802ActivityIT                    build/stm32wbxx_hal_pwr_ex.o
HAL_PWREx_DisableBLEActivityIT                    build/stm32wbxx_hal_pwr_ex.o
HAL_PWREx_DisableBORH_SMPSBypassIT                build/stm32wbxx_hal_pwr_ex.o
HAL_PWREx_DisableBatteryCharging                  build/stm32wbxx_hal_pwr_ex.o
HAL_PWREx_DisableFlashPowerDown                   build/stm32wbxx_hal_pwr_ex.o
HAL_PWREx_DisableGPIOPullDown                     build/stm32wbxx_hal_pwr_ex.o
HAL_PWREx_DisableGPIOPullUp                       build/stm32wbxx_hal_pwr_ex.o
HAL_PWREx_DisableHOLDC2IT                         build/stm32wbxx_hal_pwr_ex.o
HAL_PWREx_DisableInternalWakeUpLine               build/stm32wbxx_hal_pwr_ex.o
HAL_PWREx_DisableLowPowerRunMode                  build/stm32wbxx_hal_pwr_ex.o
                                                  build/stm32wbxx_hal_pwr.o
HAL_PWREx_DisablePVM1                             build/stm32wbxx_hal_pwr_ex.o
HAL_PWREx_DisablePVM3                             build/stm32wbxx_hal_pwr_ex.o
HAL_PWREx_DisablePullUpPullDownConfig             build/stm32wbxx_hal_pwr_ex.o
HAL_PWREx_DisableRFPhaseIT                        build/stm32wbxx_hal_pwr_ex.o
HAL_PWREx_DisableSRAMRetention                    build/stm32wbxx_hal_pwr_ex.o
HAL_PWREx_DisableVddUSB                           build/stm32wbxx_hal_pwr_ex.o
HAL_PWREx_Enable802ActivityIT                     build/stm32wbxx_hal_pwr_ex.o
HAL_PWREx_EnableBLEActivityIT                     build/stm32wbxx_hal_pwr_ex.o
HAL_PWREx_EnableBORH_SMPSBypassIT                 build/stm32wbxx_hal_pwr_ex.o
HAL_PWREx_EnableBatteryCharging                   build/stm32wbxx_hal_pwr_ex.o
HAL_PWREx_EnableFlashPowerDown                    build/stm32wbxx_hal_pwr_ex.o
HAL_PWREx_EnableGPIOPullDown                      build/stm32wbxx_hal_pwr_ex.o
HAL_PWREx_EnableGPIOPullUp                        build/stm32wbxx_hal_pwr_ex.o
HAL_PWREx_EnableHOLDC2IT                          build/stm32wbxx_hal_pwr_ex.o
HAL_PWREx_EnableInternalWakeUpLine                build/stm32wbxx_hal_pwr_ex.o
HAL_PWREx_EnableLowPowerRunMode                   build/stm32wbxx_hal_pwr_ex.o
                                                  build/stm32wbxx_hal_pwr.o
HAL_PWREx_EnablePVM1                              build/stm32wbxx_hal_pwr_ex.o
HAL_PWREx_EnablePVM3                              build/stm32wbxx_hal_pwr_ex.o
HAL_PWREx_EnablePullUpPullDownConfig              build/stm32wbxx_hal_pwr_ex.o
HAL_PWREx_EnableRFPhaseIT                         build/stm32wbxx_hal_pwr_ex.o
HAL_PWREx_EnableSRAMRetention                     build/stm32wbxx_hal_pwr_ex.o
HAL_PWREx_EnableVddUSB                            build/stm32wbxx_hal_pwr_ex.o
HAL_PWREx_EnableWakeUpPin                         build/stm32wbxx_hal_pwr_ex.o
HAL_PWREx_EnterSHUTDOWNMode                       build/stm32wbxx_hal_pwr_ex.o
HAL_PWREx_EnterSTOP0Mode                          build/stm32wbxx_hal_pwr_ex.o
                                                  build/stm32wbxx_hal_pwr.o
HAL_PWREx_EnterSTOP1Mode                          build/stm32wbxx_hal_pwr_ex.o
                                                  build/stm32wbxx_hal_pwr.o
HAL_PWREx_EnterSTOP2Mode                          build/stm32wbxx_hal_pwr_ex.o
HAL_PWREx_GetBORConfig                            build/stm32wbxx_hal_pwr_ex.o
HAL_PWREx_GetVoltageRange                         build/stm32wbxx_hal_pwr_ex.o
                                                  build/stm32wbxx_hal_rcc.o
HAL_PWREx_GetWakeupFlag                           build/stm32wbxx_hal_pwr_ex.o
HAL_PWREx_HoldCore                                build/stm32wbxx_hal_pwr_ex.o
HAL_PWREx_PVD_PVM_IRQHandler                      build/stm32wbxx_hal_pwr_ex.o
HAL_PWREx_PVM1Callback                            build/stm32wbxx_hal_pwr_ex.o
HAL_PWREx_PVM3Callback                            build/stm32wbxx_hal_pwr_ex.o
HAL_PWREx_ReleaseCore                             build/stm32wbxx_hal_pwr_ex.o
HAL_PWREx_SMPS_GetEffectiveMode                   build/stm32wbxx_hal_pwr_ex.o
HAL_PWREx_SMPS_SetMode                            build/stm32wbxx_hal_pwr_ex.o
HAL_PWREx_SetBORConfig                            build/stm32wbxx_hal_pwr_ex.o
HAL_PWR_ConfigPVD                                 build/stm32wbxx_hal_pwr.o
HAL_PWR_DeInit                                    build/stm32wbxx_hal_pwr.o
HAL_PWR_DisableBkUpAccess                         build/stm32wbxx_hal_pwr.o
                                                  build/stm32wbxx_hal_rcc_ex.o
HAL_PWR_DisablePVD                                build/stm32wbxx_hal_pwr.o
HAL_PWR_DisableSEVOnPend                          build/stm32wbxx_hal_pwr.o
HAL_PWR_DisableSleepOnExit                        build/stm32wbxx_hal_pwr.o
HAL_PWR_DisableWakeUpPin                          build/stm32wbxx_hal_pwr.o
HAL_PWR_EnableBkUpAccess                          build/stm32wbxx_hal_pwr.o
                                                  build/stm32wbxx_hal_rcc_ex.o
                                                  build/stm32wbxx_hal_rcc.o
                                                  build/main.o
HAL_PWR_EnablePVD                                 build/stm32wbxx_hal_pwr.o
HAL_PWR_EnableSEVOnPend                           build/stm32wbxx_hal_pwr.o
HAL_PWR_EnableSleepOnExit                         build/stm32wbxx_hal_pwr.o
HAL_PWR_EnableWakeUpPin                           build/stm32wbxx_hal_pwr.o
HAL_PWR_EnterSLEEPMode                            build/stm32wbxx_hal_pwr.o
HAL_PWR_EnterSTANDBYMode                          build/stm32wbxx_hal_pwr.o
HAL_PWR_EnterSTOPMode                             build/stm32wbxx_hal_pwr.o
HAL_PWR_PVDCallback                               build/stm32wbxx_hal_pwr.o
                                                  build/stm32wbxx_hal_pwr_ex.o
HAL_RCCEx_CRSConfig                               build/stm32wbxx_hal_rcc_ex.o
HAL_RCCEx_CRSGetSynchronizationInfo               build/stm32wbxx_hal_rcc_ex.o
HAL_RCCEx_CRSSoftwareSynchronizationGenerate      build/stm32wbxx_hal_rcc_ex.o
HAL_RCCEx_CRSWaitSynchronization                  build/stm32wbxx_hal_rcc_ex.o
HAL_RCCEx_CRS_ErrorCallback                       build/stm32wbxx_hal_rcc_ex.o
HAL_RCCEx_CRS_ExpectedSyncCallback                build/stm32wbxx_hal_rcc_ex.o
HAL_RCCEx_CRS_IRQHandler                          build/stm32wbxx_hal_rcc_ex.o
HAL_RCCEx_CRS_SyncOkCallback                      build/stm32wbxx_hal_rcc_ex.o
HAL_RCCEx_CRS_SyncWarnCallback                    build/stm32wbxx_hal_rcc_ex.o
HAL_RCCEx_DisableLSCO                             build/stm32wbxx_hal_rcc_ex.o
HAL_RCCEx_DisableLSECSS                           build/stm32wbxx_hal_rcc_ex.o
HAL_RCCEx_DisableMSIPLLMode                       build/stm32wbxx_hal_rcc_ex.o
HAL_RCCEx_DisablePLLSAI1                          build/stm32wbxx_hal_rcc_ex.o
HAL_RCCEx_EnableLSCO                              build/stm32wbxx_hal_rcc_ex.o
HAL_RCCEx_EnableLSECSS                            build/stm32wbxx_hal_rcc_ex.o
HAL_RCCEx_EnableLSECSS_IT                         build/stm32wbxx_hal_rcc_ex.o
HAL_RCCEx_EnableMSIPLLMode                        build/stm32wbxx_hal_rcc_ex.o
                                                  build/main.o
HAL_RCCEx_EnablePLLSAI1                           build/stm32wbxx_hal_rcc_ex.o
HAL_RCCEx_GetPeriphCLKConfig                      build/stm32wbxx_hal_rcc_ex.o
HAL_RCCEx_GetPeriphCLKFreq                        build/stm32wbxx_hal_rcc_ex.o
HAL_RCCEx_GetRngCLKSource                         build/stm32wbxx_hal_rcc_ex.o
HAL_RCCEx_LSCOConfig                              build/stm32wbxx_hal_rcc_ex.o
HAL_RCCEx_LSECSS_Callback                         build/stm32wbxx_hal_rcc_ex.o
HAL_RCCEx_LSECSS_IRQHandler                       build/stm32wbxx_hal_rcc_ex.o
HAL_RCCEx_PeriphCLKConfig                         build/stm32wbxx_hal_rcc_ex.o
                                                  build/usb.o
                                                  build/usart.o
                                                  build/main.o
HAL_RCCEx_TrimOsc                                 build/stm32wbxx_hal_rcc_ex.o
HAL_RCCEx_WakeUpStopCLKConfig                     build/stm32wbxx_hal_rcc_ex.o
HAL_RCC_CSSCallback                               build/stm32wbxx_hal_rcc.o
HAL_RCC_ClockConfig                               build/stm32wbxx_hal_rcc.o
                                                  build/main.o
HAL_RCC_DeInit                                    build/stm32wbxx_hal_rcc.o
HAL_RCC_EnableCSS                                 build/stm32wbxx_hal_rcc.o
HAL_RCC_GetClockConfig                            build/stm32wbxx_hal_rcc.o
HAL_RCC_GetHCLK2Freq                              build/stm32wbxx_hal_rcc.o
HAL_RCC_GetHCLK4Freq                              build/stm32wbxx_hal_rcc.o
HAL_RCC_GetHCLKFreq                               build/stm32wbxx_hal_rcc.o
                                                  build/stm32wbxx_hal.o
HAL_RCC_GetOscConfig                              build/stm32wbxx_hal_rcc.o
HAL_RCC_GetPCLK1Freq                              build/stm32wbxx_hal_rcc.o
                                                  build/stm32wbxx_hal_uart.o
HAL_RCC_GetPCLK2Freq                              build/stm32wbxx_hal_rcc.o
                                                  build/stm32wbxx_hal_uart.o
HAL_RCC_GetResetSource                            build/stm32wbxx_hal_rcc.o
HAL_RCC_GetSysClockFreq                           build/stm32wbxx_hal_rcc.o
                                                  build/stm32wbxx_hal_rcc_ex.o
                                                  build/stm32wbxx_hal_uart.o
HAL_RCC_MCOConfig                                 build/stm32wbxx_hal_rcc.o
HAL_RCC_NMI_IRQHandler                            build/stm32wbxx_hal_rcc.o
HAL_RCC_OscConfig                                 build/stm32wbxx_hal_rcc.o
                                                  build/main.o
HAL_RS485Ex_Init                                  build/stm32wbxx_hal_uart_ex.o
HAL_ResumeTick                                    build/stm32wbxx_hal.o
HAL_SYSCFG_DisableIOBooster                       build/stm32wbxx_hal.o
HAL_SYSCFG_DisableIOVdd                           build/stm32wbxx_hal.o
HAL_SYSCFG_DisableSRAMFetch                       build/stm32wbxx_hal.o
HAL_SYSCFG_DisableSecurityAccess                  build/stm32wbxx_hal.o
HAL_SYSCFG_DisableVREFBUF                         build/stm32wbxx_hal.o
HAL_SYSCFG_EnableIOBooster                        build/stm32wbxx_hal.o
HAL_SYSCFG_EnableIOVdd                            build/stm32wbxx_hal.o
HAL_SYSCFG_EnableSecurityAccess                   build/stm32wbxx_hal.o
HAL_SYSCFG_EnableVREFBUF                          build/stm32wbxx_hal.o
HAL_SYSCFG_IsEnabledSRAMFetch                     build/stm32wbxx_hal.o
HAL_SYSCFG_IsEnabledSecurityAccess                build/stm32wbxx_hal.o
HAL_SYSCFG_SRAM2Erase                             build/stm32wbxx_hal.o
HAL_SYSCFG_VREFBUF_HighImpedanceConfig            build/stm32wbxx_hal.o
HAL_SYSCFG_VREFBUF_TrimmingConfig                 build/stm32wbxx_hal.o
HAL_SYSCFG_VREFBUF_VoltageScalingConfig           build/stm32wbxx_hal.o
HAL_SYSTICK_CLKSourceConfig                       build/stm32wbxx_hal_cortex.o
HAL_SYSTICK_Callback                              build/stm32wbxx_hal_cortex.o
HAL_SYSTICK_Config                                build/stm32wbxx_hal_cortex.o
                                                  build/stm32wbxx_hal.o
HAL_SYSTICK_IRQHandler                            build/stm32wbxx_hal_cortex.o
HAL_SetTickFreq                                   build/stm32wbxx_hal.o
HAL_SuspendTick                                   build/stm32wbxx_hal.o
HAL_UARTEx_DisableFifoMode                        build/stm32wbxx_hal_uart_ex.o
                                                  build/usart.o
HAL_UARTEx_DisableStopMode                        build/stm32wbxx_hal_uart_ex.o
HAL_UARTEx_EnableFifoMode                         build/stm32wbxx_hal_uart_ex.o
HAL_UARTEx_EnableStopMode                         build/stm32wbxx_hal_uart_ex.o
HAL_UARTEx_ReceiveToIdle                          build/stm32wbxx_hal_uart_ex.o
HAL_UARTEx_ReceiveToIdle_DMA                      build/stm32wbxx_hal_uart_ex.o
HAL_UARTEx_ReceiveToIdle_IT                       build/stm32wbxx_hal_uart_ex.o
HAL_UARTEx_RxEventCallback                        build/stm32wbxx_hal_uart.o
HAL_UARTEx_RxFifoFullCallback                     build/stm32wbxx_hal_uart_ex.o
                                                  build/stm32wbxx_hal_uart.o
HAL_UARTEx_SetRxFifoThreshold                     build/stm32wbxx_hal_uart_ex.o
                                                  build/usart.o
HAL_UARTEx_SetTxFifoThreshold                     build/stm32wbxx_hal_uart_ex.o
                                                  build/usart.o
HAL_UARTEx_StopModeWakeUpSourceConfig             build/stm32wbxx_hal_uart_ex.o
HAL_UARTEx_TxFifoEmptyCallback                    build/stm32wbxx_hal_uart_ex.o
                                                  build/stm32wbxx_hal_uart.o
HAL_UARTEx_WakeupCallback                         build/stm32wbxx_hal_uart_ex.o
                                                  build/stm32wbxx_hal_uart.o
HAL_UART_Abort                                    build/stm32wbxx_hal_uart.o
HAL_UART_AbortCpltCallback                        build/stm32wbxx_hal_uart.o
HAL_UART_AbortReceive                             build/stm32wbxx_hal_uart.o
HAL_UART_AbortReceiveCpltCallback                 build/stm32wbxx_hal_uart.o
HAL_UART_AbortReceive_IT                          build/stm32wbxx_hal_uart.o
HAL_UART_AbortTransmit                            build/stm32wbxx_hal_uart.o
HAL_UART_AbortTransmitCpltCallback                build/stm32wbxx_hal_uart.o
HAL_UART_AbortTransmit_IT                         build/stm32wbxx_hal_uart.o
HAL_UART_Abort_IT                                 build/stm32wbxx_hal_uart.o
HAL_UART_DMAPause                                 build/stm32wbxx_hal_uart.o
HAL_UART_DMAResume                                build/stm32wbxx_hal_uart.o
HAL_UART_DMAStop                                  build/stm32wbxx_hal_uart.o
HAL_UART_DeInit                                   build/stm32wbxx_hal_uart.o
HAL_UART_DisableReceiverTimeout                   build/stm32wbxx_hal_uart.o
HAL_UART_EnableReceiverTimeout                    build/stm32wbxx_hal_uart.o
HAL_UART_ErrorCallback                            build/stm32wbxx_hal_uart.o
HAL_UART_GetError                                 build/stm32wbxx_hal_uart.o
HAL_UART_GetState                                 build/stm32wbxx_hal_uart.o
HAL_UART_IRQHandler                               build/stm32wbxx_hal_uart.o
HAL_UART_Init                                     build/stm32wbxx_hal_uart.o
                                                  build/usart.o
HAL_UART_MspDeInit                                build/usart.o
HAL_UART_MspInit                                  build/usart.o
                                                  build/stm32wbxx_hal_uart_ex.o
HAL_UART_Receive                                  build/stm32wbxx_hal_uart.o
HAL_UART_Receive_DMA                              build/stm32wbxx_hal_uart.o
HAL_UART_Receive_IT                               build/stm32wbxx_hal_uart.o
HAL_UART_ReceiverTimeout_Config                   build/stm32wbxx_hal_uart.o
HAL_UART_RxCpltCallback                           build/stm32wbxx_hal_uart.o
HAL_UART_RxHalfCpltCallback                       build/stm32wbxx_hal_uart.o
HAL_UART_Transmit                                 build/stm32wbxx_hal_uart.o
HAL_UART_Transmit_DMA                             build/stm32wbxx_hal_uart.o
HAL_UART_Transmit_IT                              build/stm32wbxx_hal_uart.o
HAL_UART_TxCpltCallback                           build/stm32wbxx_hal_uart.o
HAL_UART_TxHalfCpltCallback                       build/stm32wbxx_hal_uart.o
HSEM_IRQHandler                                   build/startup_stm32wb55xx_cm4.o
HardFault_Handler                                 build/stm32wbxx_it.o
I2C1_ER_IRQHandler                                build/startup_stm32wb55xx_cm4.o
I2C1_EV_IRQHandler                                build/startup_stm32wb55xx_cm4.o
I2C3_ER_IRQHandler                                build/startup_stm32wb55xx_cm4.o
I2C3_EV_IRQHandler                                build/startup_stm32wb55xx_cm4.o
IPCC_C1_RX_IRQHandler                             build/startup_stm32wb55xx_cm4.o
IPCC_C1_TX_IRQHandler                             build/startup_stm32wb55xx_cm4.o
LCD_IRQHandler                                    build/startup_stm32wb55xx_cm4.o
LPTIM1_IRQHandler                                 build/startup_stm32wb55xx_cm4.o
LPTIM2_IRQHandler                                 build/startup_stm32wb55xx_cm4.o
LPUART1_IRQHandler                                build/startup_stm32wb55xx_cm4.o
MSIRangeTable                                     build/system_stm32wbxx.o
                                                  build/stm32wbxx_hal_rcc_ex.o
                                                  build/stm32wbxx_hal_rcc.o
MX_GPIO_Init                                      build/gpio.o
                                                  build/main.o
MX_USART1_UART_Init                               build/usart.o
                                                  build/main.o
MX_USB_PCD_Init                                   build/usb.o
                                                  build/main.o
MemManage_Handler                                 build/stm32wbxx_it.o
NMI_Handler                                       build/stm32wbxx_it.o
PKA_IRQHandler                                    build/startup_stm32wb55xx_cm4.o
PVD_PVM_IRQHandler                                build/startup_stm32wb55xx_cm4.o
PWR_SOTF_BLEACT_802ACT_RFPHASE_IRQHandler         build/startup_stm32wb55xx_cm4.o
PendSV_Handler                                    build/stm32wbxx_it.o
PeriphCommonClock_Config                          build/main.o
QUADSPI_IRQHandler                                build/startup_stm32wb55xx_cm4.o
RCC_IRQHandler                                    build/startup_stm32wb55xx_cm4.o
RNG_IRQHandler                                    build/startup_stm32wb55xx_cm4.o
RTC_Alarm_IRQHandler                              build/startup_stm32wb55xx_cm4.o
RTC_WKUP_IRQHandler                               build/startup_stm32wb55xx_cm4.o
Reset_Handler                                     build/startup_stm32wb55xx_cm4.o
SAI1_IRQHandler                                   build/startup_stm32wb55xx_cm4.o
SPI1_IRQHandler                                   build/startup_stm32wb55xx_cm4.o
SPI2_IRQHandler                                   build/startup_stm32wb55xx_cm4.o
SVC_Handler                                       build/stm32wbxx_it.o
SmpsPrescalerTable                                build/system_stm32wbxx.o
                                                  build/stm32wbxx_hal_rcc_ex.o
SysTick_Handler                                   build/stm32wbxx_it.o
SystemClock_Config                                build/main.o
SystemCoreClock                                   build/system_stm32wbxx.o
                                                  build/stm32wbxx_hal_pwr_ex.o
                                                  build/stm32wbxx_hal_rcc.o
SystemCoreClockUpdate                             build/system_stm32wbxx.o
SystemInit                                        build/system_stm32wbxx.o
                                                  build/startup_stm32wb55xx_cm4.o
TAMP_STAMP_LSECSS_IRQHandler                      build/startup_stm32wb55xx_cm4.o
TIM1_BRK_IRQHandler                               build/startup_stm32wb55xx_cm4.o
TIM1_CC_IRQHandler                                build/startup_stm32wb55xx_cm4.o
TIM1_TRG_COM_TIM17_IRQHandler                     build/startup_stm32wb55xx_cm4.o
TIM1_UP_TIM16_IRQHandler                          build/startup_stm32wb55xx_cm4.o
TIM2_IRQHandler                                   build/startup_stm32wb55xx_cm4.o
TSC_IRQHandler                                    build/startup_stm32wb55xx_cm4.o
UARTPrescTable                                    build/stm32wbxx_hal_uart.o
UART_AdvFeatureConfig                             build/stm32wbxx_hal_uart.o
                                                  build/stm32wbxx_hal_uart_ex.o
UART_CheckIdleState                               build/stm32wbxx_hal_uart.o
                                                  build/stm32wbxx_hal_uart_ex.o
UART_SetConfig                                    build/stm32wbxx_hal_uart.o
                                                  build/stm32wbxx_hal_uart_ex.o
UART_Start_Receive_DMA                            build/stm32wbxx_hal_uart.o
                                                  build/stm32wbxx_hal_uart_ex.o
UART_Start_Receive_IT                             build/stm32wbxx_hal_uart.o
                                                  build/stm32wbxx_hal_uart_ex.o
UART_WaitOnFlagUntilTimeout                       build/stm32wbxx_hal_uart.o
                                                  build/stm32wbxx_hal_uart_ex.o
USART1_IRQHandler                                 build/startup_stm32wb55xx_cm4.o
USB_ActivateEndpoint                              build/stm32wbxx_ll_usb.o
                                                  build/stm32wbxx_hal_pcd.o
USB_ActivateRemoteWakeup                          build/stm32wbxx_ll_usb.o
                                                  build/stm32wbxx_hal_pcd.o
USB_CoreInit                                      build/stm32wbxx_ll_usb.o
USB_DeActivateRemoteWakeup                        build/stm32wbxx_ll_usb.o
                                                  build/stm32wbxx_hal_pcd.o
USB_DeactivateEndpoint                            build/stm32wbxx_ll_usb.o
                                                  build/stm32wbxx_hal_pcd.o
USB_DevConnect                                    build/stm32wbxx_ll_usb.o
                                                  build/stm32wbxx_hal_pcd.o
USB_DevDisconnect                                 build/stm32wbxx_ll_usb.o
                                                  build/stm32wbxx_hal_pcd.o
USB_DevInit                                       build/stm32wbxx_ll_usb.o
                                                  build/stm32wbxx_hal_pcd.o
USB_DisableGlobalInt                              build/stm32wbxx_ll_usb.o
                                                  build/stm32wbxx_hal_pcd.o
USB_EPClearStall                                  build/stm32wbxx_ll_usb.o
                                                  build/stm32wbxx_hal_pcd.o
USB_EPSetStall                                    build/stm32wbxx_ll_usb.o
                                                  build/stm32wbxx_hal_pcd.o
USB_EPStartXfer                                   build/stm32wbxx_ll_usb.o
                                                  build/stm32wbxx_hal_pcd.o
USB_EnableGlobalInt                               build/stm32wbxx_ll_usb.o
                                                  build/stm32wbxx_hal_pcd.o
USB_HP_IRQHandler                                 build/startup_stm32wb55xx_cm4.o
USB_LP_IRQHandler                                 build/startup_stm32wb55xx_cm4.o
USB_ReadInterrupts                                build/stm32wbxx_ll_usb.o
                                                  build/stm32wbxx_hal_pcd.o
USB_ReadPMA                                       build/stm32wbxx_ll_usb.o
                                                  build/stm32wbxx_hal_pcd.o
USB_SetCurrentMode                                build/stm32wbxx_ll_usb.o
USB_SetDevAddress                                 build/stm32wbxx_ll_usb.o
                                                  build/stm32wbxx_hal_pcd.o
USB_StopDevice                                    build/stm32wbxx_ll_usb.o
                                                  build/stm32wbxx_hal_pcd.o
USB_WritePMA                                      build/stm32wbxx_ll_usb.o
                                                  build/stm32wbxx_hal_pcd.o
UsageFault_Handler                                build/stm32wbxx_it.o
WWDG_IRQHandler                                   build/startup_stm32wb55xx_cm4.o
_ITM_deregisterTMCloneTable                       /usr/lib/gcc/arm-none-eabi/9.2.1/thumb/v7e-m+fp/hard/crtbegin.o
_ITM_registerTMCloneTable                         /usr/lib/gcc/arm-none-eabi/9.2.1/thumb/v7e-m+fp/hard/crtbegin.o
__TMC_END__                                       /usr/lib/gcc/arm-none-eabi/9.2.1/thumb/v7e-m+fp/hard/crtend.o
                                                  /usr/lib/gcc/arm-none-eabi/9.2.1/thumb/v7e-m+fp/hard/crtbegin.o
__aeabi_idiv0                                     /usr/lib/gcc/arm-none-eabi/9.2.1/thumb/v7e-m+fp/hard/libgcc.a(_dvmd_tls.o)
__aeabi_ldiv0                                     /usr/lib/gcc/arm-none-eabi/9.2.1/thumb/v7e-m+fp/hard/libgcc.a(_dvmd_tls.o)
                                                  /usr/lib/gcc/arm-none-eabi/9.2.1/thumb/v7e-m+fp/hard/libgcc.a(_aeabi_uldivmod.o)
__aeabi_uldivmod                                  /usr/lib/gcc/arm-none-eabi/9.2.1/thumb/v7e-m+fp/hard/libgcc.a(_aeabi_uldivmod.o)
                                                  build/stm32wbxx_hal_uart.o
__atexit_dummy                                    /usr/lib/gcc/arm-none-eabi/9.2.1/../../../arm-none-eabi/lib/thumb/v7e-m+fp/hard/libc_nano.a(lib_a-__atexit.o)
__bss_end__                                       /usr/lib/gcc/arm-none-eabi/9.2.1/../../../arm-none-eabi/lib/thumb/v7e-m+fp/hard/crt0.o
__bss_start__                                     /usr/lib/gcc/arm-none-eabi/9.2.1/../../../arm-none-eabi/lib/thumb/v7e-m+fp/hard/crt0.o
__call_exitprocs                                  /usr/lib/gcc/arm-none-eabi/9.2.1/../../../arm-none-eabi/lib/thumb/v7e-m+fp/hard/libc_nano.a(lib_a-__call_atexit.o)
                                                  /usr/lib/gcc/arm-none-eabi/9.2.1/../../../arm-none-eabi/lib/thumb/v7e-m+fp/hard/libc_nano.a(lib_a-__atexit.o)
                                                  /usr/lib/gcc/arm-none-eabi/9.2.1/../../../arm-none-eabi/lib/thumb/v7e-m+fp/hard/libc_nano.a(lib_a-exit.o)
__deregister_frame_info                           /usr/lib/gcc/arm-none-eabi/9.2.1/thumb/v7e-m+fp/hard/crtbegin.o
__dso_handle                                      /usr/lib/gcc/arm-none-eabi/9.2.1/thumb/v7e-m+fp/hard/crtbegin.o
__fini_array_end                                  /usr/lib/gcc/arm-none-eabi/9.2.1/../../../arm-none-eabi/lib/thumb/v7e-m+fp/hard/libc_nano.a(lib_a-fini.o)
__fini_array_start                                /usr/lib/gcc/arm-none-eabi/9.2.1/../../../arm-none-eabi/lib/thumb/v7e-m+fp/hard/libc_nano.a(lib_a-fini.o)
__init_array_end                                  /usr/lib/gcc/arm-none-eabi/9.2.1/../../../arm-none-eabi/lib/thumb/v7e-m+fp/hard/libc_nano.a(lib_a-init.o)
__init_array_start                                /usr/lib/gcc/arm-none-eabi/9.2.1/../../../arm-none-eabi/lib/thumb/v7e-m+fp/hard/libc_nano.a(lib_a-init.o)
__libc_fini_array                                 /usr/lib/gcc/arm-none-eabi/9.2.1/../../../arm-none-eabi/lib/thumb/v7e-m+fp/hard/libc_nano.a(lib_a-fini.o)
                                                  /usr/lib/gcc/arm-none-eabi/9.2.1/../../../arm-none-eabi/lib/thumb/v7e-m+fp/hard/crt0.o
__libc_init_array                                 /usr/lib/gcc/arm-none-eabi/9.2.1/../../../arm-none-eabi/lib/thumb/v7e-m+fp/hard/libc_nano.a(lib_a-init.o)
                                                  build/startup_stm32wb55xx_cm4.o
                                                  /usr/lib/gcc/arm-none-eabi/9.2.1/../../../arm-none-eabi/lib/thumb/v7e-m+fp/hard/crt0.o
__on_exit_args                                    /usr/lib/gcc/arm-none-eabi/9.2.1/../../../arm-none-eabi/lib/thumb/v7e-m+fp/hard/libc_nano.a(lib_a-__atexit.o)
__preinit_array_end                               /usr/lib/gcc/arm-none-eabi/9.2.1/../../../arm-none-eabi/lib/thumb/v7e-m+fp/hard/libc_nano.a(lib_a-init.o)
__preinit_array_start                             /usr/lib/gcc/arm-none-eabi/9.2.1/../../../arm-none-eabi/lib/thumb/v7e-m+fp/hard/libc_nano.a(lib_a-init.o)
__register_exitproc                               /usr/lib/gcc/arm-none-eabi/9.2.1/../../../arm-none-eabi/lib/thumb/v7e-m+fp/hard/libc_nano.a(lib_a-__atexit.o)
                                                  /usr/lib/gcc/arm-none-eabi/9.2.1/../../../arm-none-eabi/lib/thumb/v7e-m+fp/hard/libc_nano.a(lib_a-atexit.o)
__register_frame_info                             /usr/lib/gcc/arm-none-eabi/9.2.1/thumb/v7e-m+fp/hard/crtbegin.o